
> bot-whatsapp@1.0.0 test
> jest

node.exe : PASS tests/price_formatting.test.js 
(6.257 s)
En línea: 1 Carácter: 1
+ & "C:\Program Files\nodejs/node.exe" "C:\Program 
Files\nodejs/node_mo ...
+ ~~~~~~~~~~~~~~~~~~~~~~~~~~~~~~~~~~~~~~~~~~~~~~~~~~~
~~~~~~~~~~~~~~~~~~
    + CategoryInfo          : NotSpecified: (PASS te 
   sts/pric...st.js (6.257 s):String) [], RemoteExc  
  eption
    + FullyQualifiedErrorId : NativeCommandError
 
  ÔùÅ Console

    console.log
      [dotenv@17.3.1] injecting env (14) from .env 
-- tip: ƒöÉ prevent committing .env to code: 
https://dotenvx.com/precommit

      at _log 
(node_modules/dotenv/lib/main.js:139:11)

FAIL tests/salesFlow.test.js (6.787 s)
  ÔùÅ Console

    console.log
      [dotenv@17.3.1] injecting env (14) from .env 
-- tip: ƒøí´©Å auth for agents: https://vestauth.com

      at _log 
(node_modules/dotenv/lib/main.js:139:11)

    console.log
      [SALES-FLOW] Assigning script v3 to NEW user 
user1

      at log (src/flows/salesFlow.js:274:17)

    console.log
      [AI-FALLBACK] waiting_preference: No keyword 
match for user1

      at log (src/flows/salesFlow.js:863:25)

    console.log
      [AI-FALLBACK] waiting_weight: No number 
detected for user1

      at log (src/flows/salesFlow.js:699:29)

    console.log
      [STALE-STEP] User user1 has unknown step 
"waiting_legal_acceptance". Migrating...

      at log (src/flows/salesFlow.js:2033:21)

    console.log
      [STALE-STEP] Migrating 
waiting_legal_acceptance ÔåÆ 
waiting_final_confirmation

      at log (src/flows/salesFlow.js:2040:25)

  ÔùÅ Sales Flow Logic ÔÇ║ Should migrate stale step 
and process message

    expect(received).toBe(expected) // Object.is 
equality

    Expected: "completed"
    Received: "waiting_admin_validation"

    [0m [90m 125 |[39m         [90m// Should 
have migrated to waiting_final_confirmation and then 
processed[39m
     [90m 126 |[39m         [90m// 
(non-affirmative at waiting_final_confirmation still 
completes the order)[39m
    [31m[1m>[22m[39m[90m 127 |[39m         expe
ct(userState[[32m'user1'[39m][33m.[39mstep)[33m.
[39mtoBe([32m'completed'[39m)[33m;[39m
     [90m     |[39m                                
         [31m[1m^[22m[39m
     [90m 128 |[39m         [90m// Should have 
notified admin about unexpected response[39m
     [90m 129 |[39m         expect(mockNotifyAdmin)
[33m.[39mtoHaveBeenCalled()[33m;[39m
     [90m 130 |[39m     })[33m;[39m[0m

      at toBe (tests/salesFlow.test.js:127:41)
      at Generator.call (tests/salesFlow.test.js:2:1)
      at Generator._invoke [as next] 
(tests/salesFlow.test.js:2:1)
      at asyncGeneratorStep 
(tests/salesFlow.test.js:2:1)
      at asyncGeneratorStep 
(tests/salesFlow.test.js:2:1)

FAIL tests/improvements.test.js (6.663 s)
  ÔùÅ Console

    console.log
      [dotenv@17.3.1] injecting env (14) from .env 
-- tip: ÔÜí´©Å secrets for agents: 
https://dotenvx.com/as2

      at _log 
(node_modules/dotenv/lib/main.js:139:11)

    console.log
      [INDICISION] User user_test_imp compares 
products or asks for recommendation.

      at log (src/flows/salesFlow.js:781:25)

    console.log
      [BACKTRACK] User user_test_imp changed product 
from "Semillas - 60" to "C├ípsulas de nuez de la 
india - 60" during waiting_data

      at log (src/flows/salesFlow.js:1311:29)

    console.log
      Analyzing address data with AI...

      at log (src/flows/salesFlow.js:1486:21)

    console.log
      Analyzing address data with AI...

      at log (src/flows/salesFlow.js:1486:21)

    console.log
      [ADDRESS] valid data extracted, attempts reset.

      at log (src/flows/salesFlow.js:1547:29)

    console.log
      [AI-FALLBACK] waiting_preference: No keyword 
match for user_test_imp

      at log (src/flows/salesFlow.js:863:25)

    console.log
      [AI-FALLBACK] waiting_preference: No keyword 
match for user_test_imp

      at log (src/flows/salesFlow.js:863:25)

  ÔùÅ Strategic Improvements ÔÇ║ 2. Data 
Persistence: Should preserve weightGoal when 
changing product

    TypeError: Cannot read properties of undefined 
(reading 'nombre')

    [0m [90m 1559 |[39m             [90m// Tier 
1: Name and Street[39m
     [90m 1560 |[39m             [36mconst[39m 
missingTier1 [33m=[39m [][33m;[39m
    [31m[1m>[22m[39m[90m 1561 |[39m            
 [36mif[39m ([33m![39maddr[33m.[39mnombre) 
missingTier1[33m.[39mpush([32m'Nombre y 
Apellido'[39m)[33m;[39m
     [90m      |[39m                       
[31m[1m^[22m[39m
     [90m 1562 |[39m             [36mif[39m 
([33m![39maddr[33m.[39mcalle) 
missingTier1[33m.[39mpush([32m'Direcci├│n (Calle 
y N├║mero)'[39m)[33m;[39m
     [90m 1563 |[39m
     [90m 1564 |[39m             [90m// Tier 2: 
City and CP (Only ask if Tier 1 is somewhat 
complete)[39m[0m

      at nombre (src/flows/salesFlow.js:1561:23)
      at Generator.call (src/flows/salesFlow.js:2:1)
      at Generator._invoke [as next] 
(src/flows/salesFlow.js:2:1)
      at asyncGeneratorStep 
(src/flows/salesFlow.js:2:1)
      at asyncGeneratorStep 
(src/flows/salesFlow.js:2:1)

FAIL tests/recommendation.test.js (7.024 s)
  ÔùÅ Console

    console.log
      [dotenv@17.3.1] injecting env (14) from .env 
-- tip: ƒöÉ prevent committing .env to code: 
https://dotenvx.com/precommit

      at _log 
(node_modules/dotenv/lib/main.js:139:11)

    console.log
      [INDICISION] User test_rec compares products 
or asks for recommendation.

      at log (src/flows/salesFlow.js:781:25)

    console.log
      Analyzing address data with AI...

      at log (src/flows/salesFlow.js:1486:21)

  ÔùÅ Product Recommendation Logic ÔÇ║ Should 
trigger consultation for "Cual es mejor?"

    
expect(jest.fn()).toHaveBeenCalledWith(...expected)

    Expected: "test_rec", "AI CONSULTATION RESPONSE"
    Received
           1: "test_rec", "Hagamos algo: Si eleg├¡s 
las c├ípsulas o gotas por lo pr├ícticas que son sin 
preparar nada, de cortes├¡a comercial te mando unas 
semillas de regalo para que pruebes los dos mundos.┬À
    ┬┐Te reservo el de 60 o 120 d├¡as?"
           2: "test_rec", "ƒæë Dicho esto... 
┬┐prefer├¡s c├ípsulas (opci├│n 1) o semillas 
(opci├│n 2)?"

    Number of calls: 2

    [0m [90m 71 |[39m         [36mawait[39m 
processSalesFlow(userId[33m,[39m [32m"Cual es 
mejor?"[39m[33m,[39m userState[33m,[39m 
knowledge[33m,[39m mockDependencies)[33m;[39m
     [90m 72 |[39m
    [31m[1m>[22m[39m[90m 73 |[39m         expec
t(mockSendMessage)[33m.[39mtoHaveBeenCalledWith(
     [90m    |[39m                                 
[31m[1m^[22m[39m
     [90m 74 |[39m             userId[33m,[39m 
[32m"AI CONSULTATION RESPONSE"[39m
     [90m 75 |[39m         )[33m;[39m
     [90m 76 |[39m     })[33m;[39m[0m

      at toHaveBeenCalledWith 
(tests/recommendation.test.js:73:33)
      at Generator.call 
(tests/recommendation.test.js:2:1)
      at Generator._invoke [as next] 
(tests/recommendation.test.js:2:1)
      at asyncGeneratorStep 
(tests/recommendation.test.js:2:1)
      at asyncGeneratorStep 
(tests/recommendation.test.js:2:1)

PASS tests/multi_product.test.js
  ÔùÅ Console

    console.log
      [dotenv@17.3.1] injecting env (14) from .env 
-- tip: ÔÜÖ´©Å  load multiple .env files with { 
path: ['.env.local', '.env'] }

      at _log 
(node_modules/dotenv/lib/main.js:139:11)

PASS tests/flow_logic.test.js
  ÔùÅ Console

    console.log
      [dotenv@17.3.1] injecting env (14) from .env 
-- tip: ÔÜÖ´©Å  override existing env vars with { 
override: true }

      at _log 
(node_modules/dotenv/lib/main.js:139:11)

    console.log
      [LOGIC] User test_user refused/failed weight 
question. Skipping to preference.

      at log (src/flows/salesFlow.js:688:29)

    console.log
      [LOGIC] User test_user refused/failed weight 
question. Skipping to preference.

      at log (src/flows/salesFlow.js:688:29)

PASS tests/simulation_100.test.js (8.413 s)
  ÔùÅ Console

    console.log
      [dotenv@17.3.1] injecting env (14) from .env 
-- tip: ƒöÉ prevent committing .env to code: 
https://dotenvx.com/precommit

      at _log 
(node_modules/dotenv/lib/main.js:139:11)

    console.log
      Analyzing address data with AI...

      at log (src/flows/salesFlow.js:1486:21)

    console.log
      [ADDRESS] valid data extracted, attempts reset.

      at log (src/flows/salesFlow.js:1547:29)

    console.log
      Ô£à [PEDIDO CARGADO - PENDIENTE APROBACI├ôN] 
user_V3_Ideal_0 ÔÇö Total: $66.900

      at log (src/flows/salesFlow.js:1869:29)

    console.log
      [AI-FALLBACK] waiting_data: Detected 
question/objection from 
user_V3_CompradorPostdatado_1: "dale yo te aviso"

      at log (src/flows/salesFlow.js:1420:25)

    console.log
      [AI-FALLBACK] waiting_preference: No keyword 
match for user_V3_UsuarioconDudas_2

      at log (src/flows/salesFlow.js:863:25)

    console.log
      Analyzing address data with AI...

      at log (src/flows/salesFlow.js:1486:21)

    console.log
      [ADDRESS] valid data extracted, attempts reset.

      at log (src/flows/salesFlow.js:1547:29)

    console.log
      Ô£à [PEDIDO CARGADO - PENDIENTE APROBACI├ôN] 
user_V3_UsuarioconDudas_2 ÔÇö Total: $66.900

      at log (src/flows/salesFlow.js:1869:29)

    console.log
      [GLOBAL] User 
user_V3_CambiodeProductoalaMitad_3 requested change.

      at log (src/flows/salesFlow.js:358:17)

    console.log
      Analyzing address data with AI...

      at log (src/flows/salesFlow.js:1486:21)

    console.log
      [ADDRESS] valid data extracted, attempts reset.

      at log (src/flows/salesFlow.js:1547:29)

    console.log
      Ô£à [PEDIDO CARGADO - PENDIENTE APROBACI├ôN] 
user_V3_CambiodeProductoalaMitad_3 ÔÇö Total: $66.900

      at log (src/flows/salesFlow.js:1869:29)

    console.log
      [LOGIC] User user_V3_NegativaAmable_4 
refused/failed weight question. Skipping to 
preference.

      at log (src/flows/salesFlow.js:688:29)

    console.log
      [AI-FALLBACK] waiting_preference: No keyword 
match for user_V3_NegativaAmable_4

      at log (src/flows/salesFlow.js:863:25)

    console.log
      Analyzing address data with AI...

      at log (src/flows/salesFlow.js:1486:21)

    console.log
      [ADDRESS] valid data extracted, attempts reset.

      at log (src/flows/salesFlow.js:1547:29)

    console.log
      Ô£à [PEDIDO CARGADO - PENDIENTE APROBACI├ôN] 
user_V3_Ideal_5 ÔÇö Total: $66.900

      at log (src/flows/salesFlow.js:1869:29)

    console.log
      [AI-FALLBACK] waiting_data: Detected 
question/objection from 
user_V3_CompradorPostdatado_6: "dale yo te aviso"

      at log (src/flows/salesFlow.js:1420:25)

    console.log
      [AI-FALLBACK] waiting_preference: No keyword 
match for user_V3_UsuarioconDudas_7

      at log (src/flows/salesFlow.js:863:25)

    console.log
      Analyzing address data with AI...

      at log (src/flows/salesFlow.js:1486:21)

    console.log
      [ADDRESS] valid data extracted, attempts reset.

      at log (src/flows/salesFlow.js:1547:29)

    console.log
      Ô£à [PEDIDO CARGADO - PENDIENTE APROBACI├ôN] 
user_V3_UsuarioconDudas_7 ÔÇö Total: $66.900

      at log (src/flows/salesFlow.js:1869:29)

    console.log
      [GLOBAL] User 
user_V3_CambiodeProductoalaMitad_8 requested change.

      at log (src/flows/salesFlow.js:358:17)

    console.log
      Analyzing address data with AI...

      at log (src/flows/salesFlow.js:1486:21)

    console.log
      [ADDRESS] valid data extracted, attempts reset.

      at log (src/flows/salesFlow.js:1547:29)

    console.log
      Ô£à [PEDIDO CARGADO - PENDIENTE APROBACI├ôN] 
user_V3_CambiodeProductoalaMitad_8 ÔÇö Total: $66.900

      at log (src/flows/salesFlow.js:1869:29)

    console.log
      [LOGIC] User user_V3_NegativaAmable_9 
refused/failed weight question. Skipping to 
preference.

      at log (src/flows/salesFlow.js:688:29)

    console.log
      [AI-FALLBACK] waiting_preference: No keyword 
match for user_V3_NegativaAmable_9

      at log (src/flows/salesFlow.js:863:25)

    console.log
      Analyzing address data with AI...

      at log (src/flows/salesFlow.js:1486:21)

    console.log
      [ADDRESS] valid data extracted, attempts reset.

      at log (src/flows/salesFlow.js:1547:29)

    console.log
      Ô£à [PEDIDO CARGADO - PENDIENTE APROBACI├ôN] 
user_V3_Ideal_10 ÔÇö Total: $66.900

      at log (src/flows/salesFlow.js:1869:29)

    console.log
      [AI-FALLBACK] waiting_data: Detected 
question/objection from 
user_V3_CompradorPostdatado_11: "dale yo te aviso"

      at log (src/flows/salesFlow.js:1420:25)

    console.log
      [AI-FALLBACK] waiting_preference: No keyword 
match for user_V3_UsuarioconDudas_12

      at log (src/flows/salesFlow.js:863:25)

    console.log
      Analyzing address data with AI...

      at log (src/flows/salesFlow.js:1486:21)

    console.log
      [ADDRESS] valid data extracted, attempts reset.

      at log (src/flows/salesFlow.js:1547:29)

    console.log
      Ô£à [PEDIDO CARGADO - PENDIENTE APROBACI├ôN] 
user_V3_UsuarioconDudas_12 ÔÇö Total: $66.900

      at log (src/flows/salesFlow.js:1869:29)

    console.log
      [GLOBAL] User 
user_V3_CambiodeProductoalaMitad_13 requested change.

      at log (src/flows/salesFlow.js:358:17)

    console.log
      Analyzing address data with AI...

      at log (src/flows/salesFlow.js:1486:21)

    console.log
      [ADDRESS] valid data extracted, attempts reset.

      at log (src/flows/salesFlow.js:1547:29)

    console.log
      Ô£à [PEDIDO CARGADO - PENDIENTE APROBACI├ôN] 
user_V3_CambiodeProductoalaMitad_13 ÔÇö Total: 
$66.900

      at log (src/flows/salesFlow.js:1869:29)

    console.log
      [LOGIC] User user_V3_NegativaAmable_14 
refused/failed weight question. Skipping to 
preference.

      at log (src/flows/salesFlow.js:688:29)

    console.log
      [AI-FALLBACK] waiting_preference: No keyword 
match for user_V3_NegativaAmable_14

      at log (src/flows/salesFlow.js:863:25)

    console.log
      Analyzing address data with AI...

      at log (src/flows/salesFlow.js:1486:21)

    console.log
      [ADDRESS] valid data extracted, attempts reset.

      at log (src/flows/salesFlow.js:1547:29)

    console.log
      Ô£à [PEDIDO CARGADO - PENDIENTE APROBACI├ôN] 
user_V3_Ideal_15 ÔÇö Total: $66.900

      at log (src/flows/salesFlow.js:1869:29)

    console.log
      [AI-FALLBACK] waiting_data: Detected 
question/objection from 
user_V3_CompradorPostdatado_16: "dale yo te aviso"

      at log (src/flows/salesFlow.js:1420:25)

    console.log
      [AI-FALLBACK] waiting_preference: No keyword 
match for user_V3_UsuarioconDudas_17

      at log (src/flows/salesFlow.js:863:25)

    console.log
      Analyzing address data with AI...

      at log (src/flows/salesFlow.js:1486:21)

    console.log
      [ADDRESS] valid data extracted, attempts reset.

      at log (src/flows/salesFlow.js:1547:29)

    console.log
      Ô£à [PEDIDO CARGADO - PENDIENTE APROBACI├ôN] 
user_V3_UsuarioconDudas_17 ÔÇö Total: $66.900

      at log (src/flows/salesFlow.js:1869:29)

    console.log
      [GLOBAL] User 
user_V3_CambiodeProductoalaMitad_18 requested change.

      at log (src/flows/salesFlow.js:358:17)

    console.log
      Analyzing address data with AI...

      at log (src/flows/salesFlow.js:1486:21)

    console.log
      [ADDRESS] valid data extracted, attempts reset.

      at log (src/flows/salesFlow.js:1547:29)

    console.log
      Ô£à [PEDIDO CARGADO - PENDIENTE APROBACI├ôN] 
user_V3_CambiodeProductoalaMitad_18 ÔÇö Total: 
$66.900

      at log (src/flows/salesFlow.js:1869:29)

    console.log
      [LOGIC] User user_V3_NegativaAmable_19 
refused/failed weight question. Skipping to 
preference.

      at log (src/flows/salesFlow.js:688:29)

    console.log
      [AI-FALLBACK] waiting_preference: No keyword 
match for user_V3_NegativaAmable_19

      at log (src/flows/salesFlow.js:863:25)

    console.log
      Analyzing address data with AI...

      at log (src/flows/salesFlow.js:1486:21)

    console.log
      [ADDRESS] valid data extracted, attempts reset.

      at log (src/flows/salesFlow.js:1547:29)

    console.log
      Ô£à [PEDIDO CARGADO - PENDIENTE APROBACI├ôN] 
user_V3_Ideal_20 ÔÇö Total: $66.900

      at log (src/flows/salesFlow.js:1869:29)

    console.log
      [AI-FALLBACK] waiting_data: Detected 
question/objection from 
user_V3_CompradorPostdatado_21: "dale yo te aviso"

      at log (src/flows/salesFlow.js:1420:25)

    console.log
      [AI-FALLBACK] waiting_preference: No keyword 
match for user_V3_UsuarioconDudas_22

      at log (src/flows/salesFlow.js:863:25)

    console.log
      Analyzing address data with AI...

      at log (src/flows/salesFlow.js:1486:21)

    console.log
      [ADDRESS] valid data extracted, attempts reset.

      at log (src/flows/salesFlow.js:1547:29)

    console.log
      Ô£à [PEDIDO CARGADO - PENDIENTE APROBACI├ôN] 
user_V3_UsuarioconDudas_22 ÔÇö Total: $66.900

      at log (src/flows/salesFlow.js:1869:29)

    console.log
      [GLOBAL] User 
user_V3_CambiodeProductoalaMitad_23 requested change.

      at log (src/flows/salesFlow.js:358:17)

    console.log
      Analyzing address data with AI...

      at log (src/flows/salesFlow.js:1486:21)

    console.log
      [ADDRESS] valid data extracted, attempts reset.

      at log (src/flows/salesFlow.js:1547:29)

    console.log
      Ô£à [PEDIDO CARGADO - PENDIENTE APROBACI├ôN] 
user_V3_CambiodeProductoalaMitad_23 ÔÇö Total: 
$66.900

      at log (src/flows/salesFlow.js:1869:29)

    console.log
      [LOGIC] User user_V3_NegativaAmable_24 
refused/failed weight question. Skipping to 
preference.

      at log (src/flows/salesFlow.js:688:29)

    console.log
      [AI-FALLBACK] waiting_preference: No keyword 
match for user_V3_NegativaAmable_24

      at log (src/flows/salesFlow.js:863:25)

    console.log
      Analyzing address data with AI...

      at log (src/flows/salesFlow.js:1486:21)

    console.log
      [ADDRESS] valid data extracted, attempts reset.

      at log (src/flows/salesFlow.js:1547:29)

    console.log
      Ô£à [PEDIDO CARGADO - PENDIENTE APROBACI├ôN] 
user_V3_Ideal_25 ÔÇö Total: $66.900

      at log (src/flows/salesFlow.js:1869:29)

    console.log
      [AI-FALLBACK] waiting_data: Detected 
question/objection from 
user_V3_CompradorPostdatado_26: "dale yo te aviso"

      at log (src/flows/salesFlow.js:1420:25)

    console.log
      [AI-FALLBACK] waiting_preference: No keyword 
match for user_V3_UsuarioconDudas_27

      at log (src/flows/salesFlow.js:863:25)

    console.log
      Analyzing address data with AI...

      at log (src/flows/salesFlow.js:1486:21)

    console.log
      [ADDRESS] valid data extracted, attempts reset.

      at log (src/flows/salesFlow.js:1547:29)

    console.log
      Ô£à [PEDIDO CARGADO - PENDIENTE APROBACI├ôN] 
user_V3_UsuarioconDudas_27 ÔÇö Total: $66.900

      at log (src/flows/salesFlow.js:1869:29)

    console.log
      [GLOBAL] User 
user_V3_CambiodeProductoalaMitad_28 requested change.

      at log (src/flows/salesFlow.js:358:17)

    console.log
      Analyzing address data with AI...

      at log (src/flows/salesFlow.js:1486:21)

    console.log
      [ADDRESS] valid data extracted, attempts reset.

      at log (src/flows/salesFlow.js:1547:29)

    console.log
      Ô£à [PEDIDO CARGADO - PENDIENTE APROBACI├ôN] 
user_V3_CambiodeProductoalaMitad_28 ÔÇö Total: 
$66.900

      at log (src/flows/salesFlow.js:1869:29)

    console.log
      [LOGIC] User user_V3_NegativaAmable_29 
refused/failed weight question. Skipping to 
preference.

      at log (src/flows/salesFlow.js:688:29)

    console.log
      [AI-FALLBACK] waiting_preference: No keyword 
match for user_V3_NegativaAmable_29

      at log (src/flows/salesFlow.js:863:25)

    console.log
      Analyzing address data with AI...

      at log (src/flows/salesFlow.js:1486:21)

    console.log
      [ADDRESS] valid data extracted, attempts reset.

      at log (src/flows/salesFlow.js:1547:29)

    console.log
      Ô£à [PEDIDO CARGADO - PENDIENTE APROBACI├ôN] 
user_V3_Ideal_30 ÔÇö Total: $66.900

      at log (src/flows/salesFlow.js:1869:29)

    console.log
      [AI-FALLBACK] waiting_data: Detected 
question/objection from 
user_V3_CompradorPostdatado_31: "dale yo te aviso"

      at log (src/flows/salesFlow.js:1420:25)

    console.log
      [AI-FALLBACK] waiting_preference: No keyword 
match for user_V3_UsuarioconDudas_32

      at log (src/flows/salesFlow.js:863:25)

    console.log
      Analyzing address data with AI...

      at log (src/flows/salesFlow.js:1486:21)

    console.log
      [ADDRESS] valid data extracted, attempts reset.

      at log (src/flows/salesFlow.js:1547:29)

    console.log
      Ô£à [PEDIDO CARGADO - PENDIENTE APROBACI├ôN] 
user_V3_UsuarioconDudas_32 ÔÇö Total: $66.900

      at log (src/flows/salesFlow.js:1869:29)

    console.log
      [GLOBAL] User 
user_V3_CambiodeProductoalaMitad_33 requested change.

      at log (src/flows/salesFlow.js:358:17)

    console.log
      Analyzing address data with AI...

      at log (src/flows/salesFlow.js:1486:21)

    console.log
      [ADDRESS] valid data extracted, attempts reset.

      at log (src/flows/salesFlow.js:1547:29)

    console.log
      Ô£à [PEDIDO CARGADO - PENDIENTE APROBACI├ôN] 
user_V3_CambiodeProductoalaMitad_33 ÔÇö Total: 
$66.900

      at log (src/flows/salesFlow.js:1869:29)

    console.log
      [LOGIC] User user_V3_NegativaAmable_34 
refused/failed weight question. Skipping to 
preference.

      at log (src/flows/salesFlow.js:688:29)

    console.log
      [AI-FALLBACK] waiting_preference: No keyword 
match for user_V3_NegativaAmable_34

      at log (src/flows/salesFlow.js:863:25)

    console.log
      Analyzing address data with AI...

      at log (src/flows/salesFlow.js:1486:21)

    console.log
      [ADDRESS] valid data extracted, attempts reset.

      at log (src/flows/salesFlow.js:1547:29)

    console.log
      Ô£à [PEDIDO CARGADO - PENDIENTE APROBACI├ôN] 
user_V3_Ideal_35 ÔÇö Total: $66.900

      at log (src/flows/salesFlow.js:1869:29)

    console.log
      [AI-FALLBACK] waiting_data: Detected 
question/objection from 
user_V3_CompradorPostdatado_36: "dale yo te aviso"

      at log (src/flows/salesFlow.js:1420:25)

    console.log
      [AI-FALLBACK] waiting_preference: No keyword 
match for user_V3_UsuarioconDudas_37

      at log (src/flows/salesFlow.js:863:25)

    console.log
      Analyzing address data with AI...

      at log (src/flows/salesFlow.js:1486:21)

    console.log
      [ADDRESS] valid data extracted, attempts reset.

      at log (src/flows/salesFlow.js:1547:29)

    console.log
      Ô£à [PEDIDO CARGADO - PENDIENTE APROBACI├ôN] 
user_V3_UsuarioconDudas_37 ÔÇö Total: $66.900

      at log (src/flows/salesFlow.js:1869:29)

    console.log
      [GLOBAL] User 
user_V3_CambiodeProductoalaMitad_38 requested change.

      at log (src/flows/salesFlow.js:358:17)

    console.log
      Analyzing address data with AI...

      at log (src/flows/salesFlow.js:1486:21)

    console.log
      [ADDRESS] valid data extracted, attempts reset.

      at log (src/flows/salesFlow.js:1547:29)

    console.log
      Ô£à [PEDIDO CARGADO - PENDIENTE APROBACI├ôN] 
user_V3_CambiodeProductoalaMitad_38 ÔÇö Total: 
$66.900

      at log (src/flows/salesFlow.js:1869:29)

    console.log
      [LOGIC] User user_V3_NegativaAmable_39 
refused/failed weight question. Skipping to 
preference.

      at log (src/flows/salesFlow.js:688:29)

    console.log
      [AI-FALLBACK] waiting_preference: No keyword 
match for user_V3_NegativaAmable_39

      at log (src/flows/salesFlow.js:863:25)

    console.log
      Analyzing address data with AI...

      at log (src/flows/salesFlow.js:1486:21)

    console.log
      [ADDRESS] valid data extracted, attempts reset.

      at log (src/flows/salesFlow.js:1547:29)

    console.log
      Ô£à [PEDIDO CARGADO - PENDIENTE APROBACI├ôN] 
user_V3_Ideal_40 ÔÇö Total: $66.900

      at log (src/flows/salesFlow.js:1869:29)

    console.log
      [AI-FALLBACK] waiting_data: Detected 
question/objection from 
user_V3_CompradorPostdatado_41: "dale yo te aviso"

      at log (src/flows/salesFlow.js:1420:25)

    console.log
      [AI-FALLBACK] waiting_preference: No keyword 
match for user_V3_UsuarioconDudas_42

      at log (src/flows/salesFlow.js:863:25)

    console.log
      Analyzing address data with AI...

      at log (src/flows/salesFlow.js:1486:21)

    console.log
      [ADDRESS] valid data extracted, attempts reset.

      at log (src/flows/salesFlow.js:1547:29)

    console.log
      Ô£à [PEDIDO CARGADO - PENDIENTE APROBACI├ôN] 
user_V3_UsuarioconDudas_42 ÔÇö Total: $66.900

      at log (src/flows/salesFlow.js:1869:29)

    console.log
      [GLOBAL] User 
user_V3_CambiodeProductoalaMitad_43 requested change.

      at log (src/flows/salesFlow.js:358:17)

    console.log
      Analyzing address data with AI...

      at log (src/flows/salesFlow.js:1486:21)

    console.log
      [ADDRESS] valid data extracted, attempts reset.

      at log (src/flows/salesFlow.js:1547:29)

    console.log
      Ô£à [PEDIDO CARGADO - PENDIENTE APROBACI├ôN] 
user_V3_CambiodeProductoalaMitad_43 ÔÇö Total: 
$66.900

      at log (src/flows/salesFlow.js:1869:29)

    console.log
      [LOGIC] User user_V3_NegativaAmable_44 
refused/failed weight question. Skipping to 
preference.

      at log (src/flows/salesFlow.js:688:29)

    console.log
      [AI-FALLBACK] waiting_preference: No keyword 
match for user_V3_NegativaAmable_44

      at log (src/flows/salesFlow.js:863:25)

    console.log
      Analyzing address data with AI...

      at log (src/flows/salesFlow.js:1486:21)

    console.log
      [ADDRESS] valid data extracted, attempts reset.

      at log (src/flows/salesFlow.js:1547:29)

    console.log
      Ô£à [PEDIDO CARGADO - PENDIENTE APROBACI├ôN] 
user_V3_Ideal_45 ÔÇö Total: $66.900

      at log (src/flows/salesFlow.js:1869:29)

    console.log
      [AI-FALLBACK] waiting_data: Detected 
question/objection from 
user_V3_CompradorPostdatado_46: "dale yo te aviso"

      at log (src/flows/salesFlow.js:1420:25)

    console.log
      [AI-FALLBACK] waiting_preference: No keyword 
match for user_V3_UsuarioconDudas_47

      at log (src/flows/salesFlow.js:863:25)

    console.log
      Analyzing address data with AI...

      at log (src/flows/salesFlow.js:1486:21)

    console.log
      [ADDRESS] valid data extracted, attempts reset.

      at log (src/flows/salesFlow.js:1547:29)

    console.log
      Ô£à [PEDIDO CARGADO - PENDIENTE APROBACI├ôN] 
user_V3_UsuarioconDudas_47 ÔÇö Total: $66.900

      at log (src/flows/salesFlow.js:1869:29)

    console.log
      [GLOBAL] User 
user_V3_CambiodeProductoalaMitad_48 requested change.

      at log (src/flows/salesFlow.js:358:17)

    console.log
      Analyzing address data with AI...

      at log (src/flows/salesFlow.js:1486:21)

    console.log
      [ADDRESS] valid data extracted, attempts reset.

      at log (src/flows/salesFlow.js:1547:29)

    console.log
      Ô£à [PEDIDO CARGADO - PENDIENTE APROBACI├ôN] 
user_V3_CambiodeProductoalaMitad_48 ÔÇö Total: 
$66.900

      at log (src/flows/salesFlow.js:1869:29)

    console.log
      [LOGIC] User user_V3_NegativaAmable_49 
refused/failed weight question. Skipping to 
preference.

      at log (src/flows/salesFlow.js:688:29)

    console.log
      [AI-FALLBACK] waiting_preference: No keyword 
match for user_V3_NegativaAmable_49

      at log (src/flows/salesFlow.js:863:25)

    console.log
      Analyzing address data with AI...

      at log (src/flows/salesFlow.js:1486:21)

    console.log
      [ADDRESS] valid data extracted, attempts reset.

      at log (src/flows/salesFlow.js:1547:29)

    console.log
      Ô£à [PEDIDO CARGADO - PENDIENTE APROBACI├ôN] 
user_V3_Ideal_50 ÔÇö Total: $66.900

      at log (src/flows/salesFlow.js:1869:29)

    console.log
      [AI-FALLBACK] waiting_data: Detected 
question/objection from 
user_V3_CompradorPostdatado_51: "dale yo te aviso"

      at log (src/flows/salesFlow.js:1420:25)

    console.log
      [AI-FALLBACK] waiting_preference: No keyword 
match for user_V3_UsuarioconDudas_52

      at log (src/flows/salesFlow.js:863:25)

    console.log
      Analyzing address data with AI...

      at log (src/flows/salesFlow.js:1486:21)

    console.log
      [ADDRESS] valid data extracted, attempts reset.

      at log (src/flows/salesFlow.js:1547:29)

    console.log
      Ô£à [PEDIDO CARGADO - PENDIENTE APROBACI├ôN] 
user_V3_UsuarioconDudas_52 ÔÇö Total: $66.900

      at log (src/flows/salesFlow.js:1869:29)

    console.log
      [GLOBAL] User 
user_V3_CambiodeProductoalaMitad_53 requested change.

      at log (src/flows/salesFlow.js:358:17)

    console.log
      Analyzing address data with AI...

      at log (src/flows/salesFlow.js:1486:21)

    console.log
      [ADDRESS] valid data extracted, attempts reset.

      at log (src/flows/salesFlow.js:1547:29)

    console.log
      Ô£à [PEDIDO CARGADO - PENDIENTE APROBACI├ôN] 
user_V3_CambiodeProductoalaMitad_53 ÔÇö Total: 
$66.900

      at log (src/flows/salesFlow.js:1869:29)

    console.log
      [LOGIC] User user_V3_NegativaAmable_54 
refused/failed weight question. Skipping to 
preference.

      at log (src/flows/salesFlow.js:688:29)

    console.log
      [AI-FALLBACK] waiting_preference: No keyword 
match for user_V3_NegativaAmable_54

      at log (src/flows/salesFlow.js:863:25)

    console.log
      Analyzing address data with AI...

      at log (src/flows/salesFlow.js:1486:21)

    console.log
      [ADDRESS] valid data extracted, attempts reset.

      at log (src/flows/salesFlow.js:1547:29)

    console.log
      Ô£à [PEDIDO CARGADO - PENDIENTE APROBACI├ôN] 
user_V3_Ideal_55 ÔÇö Total: $66.900

      at log (src/flows/salesFlow.js:1869:29)

    console.log
      [AI-FALLBACK] waiting_data: Detected 
question/objection from 
user_V3_CompradorPostdatado_56: "dale yo te aviso"

      at log (src/flows/salesFlow.js:1420:25)

    console.log
      [AI-FALLBACK] waiting_preference: No keyword 
match for user_V3_UsuarioconDudas_57

      at log (src/flows/salesFlow.js:863:25)

    console.log
      Analyzing address data with AI...

      at log (src/flows/salesFlow.js:1486:21)

    console.log
      [ADDRESS] valid data extracted, attempts reset.

      at log (src/flows/salesFlow.js:1547:29)

    console.log
      Ô£à [PEDIDO CARGADO - PENDIENTE APROBACI├ôN] 
user_V3_UsuarioconDudas_57 ÔÇö Total: $66.900

      at log (src/flows/salesFlow.js:1869:29)

    console.log
      [GLOBAL] User 
user_V3_CambiodeProductoalaMitad_58 requested change.

      at log (src/flows/salesFlow.js:358:17)

    console.log
      Analyzing address data with AI...

      at log (src/flows/salesFlow.js:1486:21)

    console.log
      [ADDRESS] valid data extracted, attempts reset.

      at log (src/flows/salesFlow.js:1547:29)

    console.log
      Ô£à [PEDIDO CARGADO - PENDIENTE APROBACI├ôN] 
user_V3_CambiodeProductoalaMitad_58 ÔÇö Total: 
$66.900

      at log (src/flows/salesFlow.js:1869:29)

    console.log
      [LOGIC] User user_V3_NegativaAmable_59 
refused/failed weight question. Skipping to 
preference.

      at log (src/flows/salesFlow.js:688:29)

    console.log
      [AI-FALLBACK] waiting_preference: No keyword 
match for user_V3_NegativaAmable_59

      at log (src/flows/salesFlow.js:863:25)

    console.log
      Analyzing address data with AI...

      at log (src/flows/salesFlow.js:1486:21)

    console.log
      [ADDRESS] valid data extracted, attempts reset.

      at log (src/flows/salesFlow.js:1547:29)

    console.log
      Ô£à [PEDIDO CARGADO - PENDIENTE APROBACI├ôN] 
user_V3_Ideal_60 ÔÇö Total: $66.900

      at log (src/flows/salesFlow.js:1869:29)

    console.log
      [AI-FALLBACK] waiting_data: Detected 
question/objection from 
user_V3_CompradorPostdatado_61: "dale yo te aviso"

      at log (src/flows/salesFlow.js:1420:25)

    console.log
      [AI-FALLBACK] waiting_preference: No keyword 
match for user_V3_UsuarioconDudas_62

      at log (src/flows/salesFlow.js:863:25)

    console.log
      Analyzing address data with AI...

      at log (src/flows/salesFlow.js:1486:21)

    console.log
      [ADDRESS] valid data extracted, attempts reset.

      at log (src/flows/salesFlow.js:1547:29)

    console.log
      Ô£à [PEDIDO CARGADO - PENDIENTE APROBACI├ôN] 
user_V3_UsuarioconDudas_62 ÔÇö Total: $66.900

      at log (src/flows/salesFlow.js:1869:29)

    console.log
      [GLOBAL] User 
user_V3_CambiodeProductoalaMitad_63 requested change.

      at log (src/flows/salesFlow.js:358:17)

    console.log
      Analyzing address data with AI...

      at log (src/flows/salesFlow.js:1486:21)

    console.log
      [ADDRESS] valid data extracted, attempts reset.

      at log (src/flows/salesFlow.js:1547:29)

    console.log
      Ô£à [PEDIDO CARGADO - PENDIENTE APROBACI├ôN] 
user_V3_CambiodeProductoalaMitad_63 ÔÇö Total: 
$66.900

      at log (src/flows/salesFlow.js:1869:29)

    console.log
      [LOGIC] User user_V3_NegativaAmable_64 
refused/failed weight question. Skipping to 
preference.

      at log (src/flows/salesFlow.js:688:29)

    console.log
      [AI-FALLBACK] waiting_preference: No keyword 
match for user_V3_NegativaAmable_64

      at log (src/flows/salesFlow.js:863:25)

    console.log
      Analyzing address data with AI...

      at log (src/flows/salesFlow.js:1486:21)

    console.log
      [ADDRESS] valid data extracted, attempts reset.

      at log (src/flows/salesFlow.js:1547:29)

    console.log
      Ô£à [PEDIDO CARGADO - PENDIENTE APROBACI├ôN] 
user_V3_Ideal_65 ÔÇö Total: $66.900

      at log (src/flows/salesFlow.js:1869:29)

    console.log
      [AI-FALLBACK] waiting_data: Detected 
question/objection from 
user_V3_CompradorPostdatado_66: "dale yo te aviso"

      at log (src/flows/salesFlow.js:1420:25)

    console.log
      [AI-FALLBACK] waiting_preference: No keyword 
match for user_V3_UsuarioconDudas_67

      at log (src/flows/salesFlow.js:863:25)

    console.log
      Analyzing address data with AI...

      at log (src/flows/salesFlow.js:1486:21)

    console.log
      [ADDRESS] valid data extracted, attempts reset.

      at log (src/flows/salesFlow.js:1547:29)

    console.log
      Ô£à [PEDIDO CARGADO - PENDIENTE APROBACI├ôN] 
user_V3_UsuarioconDudas_67 ÔÇö Total: $66.900

      at log (src/flows/salesFlow.js:1869:29)

    console.log
      [GLOBAL] User 
user_V3_CambiodeProductoalaMitad_68 requested change.

      at log (src/flows/salesFlow.js:358:17)

    console.log
      Analyzing address data with AI...

      at log (src/flows/salesFlow.js:1486:21)

    console.log
      [ADDRESS] valid data extracted, attempts reset.

      at log (src/flows/salesFlow.js:1547:29)

    console.log
      Ô£à [PEDIDO CARGADO - PENDIENTE APROBACI├ôN] 
user_V3_CambiodeProductoalaMitad_68 ÔÇö Total: 
$66.900

      at log (src/flows/salesFlow.js:1869:29)

    console.log
      [LOGIC] User user_V3_NegativaAmable_69 
refused/failed weight question. Skipping to 
preference.

      at log (src/flows/salesFlow.js:688:29)

    console.log
      [AI-FALLBACK] waiting_preference: No keyword 
match for user_V3_NegativaAmable_69

      at log (src/flows/salesFlow.js:863:25)

    console.log
      Analyzing address data with AI...

      at log (src/flows/salesFlow.js:1486:21)

    console.log
      [ADDRESS] valid data extracted, attempts reset.

      at log (src/flows/salesFlow.js:1547:29)

    console.log
      Ô£à [PEDIDO CARGADO - PENDIENTE APROBACI├ôN] 
user_V3_Ideal_70 ÔÇö Total: $66.900

      at log (src/flows/salesFlow.js:1869:29)

    console.log
      [AI-FALLBACK] waiting_data: Detected 
question/objection from 
user_V3_CompradorPostdatado_71: "dale yo te aviso"

      at log (src/flows/salesFlow.js:1420:25)

    console.log
      [AI-FALLBACK] waiting_preference: No keyword 
match for user_V3_UsuarioconDudas_72

      at log (src/flows/salesFlow.js:863:25)

    console.log
      Analyzing address data with AI...

      at log (src/flows/salesFlow.js:1486:21)

    console.log
      [ADDRESS] valid data extracted, attempts reset.

      at log (src/flows/salesFlow.js:1547:29)

    console.log
      Ô£à [PEDIDO CARGADO - PENDIENTE APROBACI├ôN] 
user_V3_UsuarioconDudas_72 ÔÇö Total: $66.900

      at log (src/flows/salesFlow.js:1869:29)

    console.log
      [GLOBAL] User 
user_V3_CambiodeProductoalaMitad_73 requested change.

      at log (src/flows/salesFlow.js:358:17)

    console.log
      Analyzing address data with AI...

      at log (src/flows/salesFlow.js:1486:21)

    console.log
      [ADDRESS] valid data extracted, attempts reset.

      at log (src/flows/salesFlow.js:1547:29)

    console.log
      Ô£à [PEDIDO CARGADO - PENDIENTE APROBACI├ôN] 
user_V3_CambiodeProductoalaMitad_73 ÔÇö Total: 
$66.900

      at log (src/flows/salesFlow.js:1869:29)

    console.log
      [LOGIC] User user_V3_NegativaAmable_74 
refused/failed weight question. Skipping to 
preference.

      at log (src/flows/salesFlow.js:688:29)

    console.log
      [AI-FALLBACK] waiting_preference: No keyword 
match for user_V3_NegativaAmable_74

      at log (src/flows/salesFlow.js:863:25)

    console.log
      Analyzing address data with AI...

      at log (src/flows/salesFlow.js:1486:21)

    console.log
      [ADDRESS] valid data extracted, attempts reset.

      at log (src/flows/salesFlow.js:1547:29)

    console.log
      Ô£à [PEDIDO CARGADO - PENDIENTE APROBACI├ôN] 
user_V3_Ideal_75 ÔÇö Total: $66.900

      at log (src/flows/salesFlow.js:1869:29)

    console.log
      [AI-FALLBACK] waiting_data: Detected 
question/objection from 
user_V3_CompradorPostdatado_76: "dale yo te aviso"

      at log (src/flows/salesFlow.js:1420:25)

    console.log
      [AI-FALLBACK] waiting_preference: No keyword 
match for user_V3_UsuarioconDudas_77

      at log (src/flows/salesFlow.js:863:25)

    console.log
      Analyzing address data with AI...

      at log (src/flows/salesFlow.js:1486:21)

    console.log
      [ADDRESS] valid data extracted, attempts reset.

      at log (src/flows/salesFlow.js:1547:29)

    console.log
      Ô£à [PEDIDO CARGADO - PENDIENTE APROBACI├ôN] 
user_V3_UsuarioconDudas_77 ÔÇö Total: $66.900

      at log (src/flows/salesFlow.js:1869:29)

    console.log
      [GLOBAL] User 
user_V3_CambiodeProductoalaMitad_78 requested change.

      at log (src/flows/salesFlow.js:358:17)

    console.log
      Analyzing address data with AI...

      at log (src/flows/salesFlow.js:1486:21)

    console.log
      [ADDRESS] valid data extracted, attempts reset.

      at log (src/flows/salesFlow.js:1547:29)

    console.log
      Ô£à [PEDIDO CARGADO - PENDIENTE APROBACI├ôN] 
user_V3_CambiodeProductoalaMitad_78 ÔÇö Total: 
$66.900

      at log (src/flows/salesFlow.js:1869:29)

    console.log
      [LOGIC] User user_V3_NegativaAmable_79 
refused/failed weight question. Skipping to 
preference.

      at log (src/flows/salesFlow.js:688:29)

    console.log
      [AI-FALLBACK] waiting_preference: No keyword 
match for user_V3_NegativaAmable_79

      at log (src/flows/salesFlow.js:863:25)

    console.log
      Analyzing address data with AI...

      at log (src/flows/salesFlow.js:1486:21)

    console.log
      [ADDRESS] valid data extracted, attempts reset.

      at log (src/flows/salesFlow.js:1547:29)

    console.log
      Ô£à [PEDIDO CARGADO - PENDIENTE APROBACI├ôN] 
user_V3_Ideal_80 ÔÇö Total: $66.900

      at log (src/flows/salesFlow.js:1869:29)

    console.log
      [AI-FALLBACK] waiting_data: Detected 
question/objection from 
user_V3_CompradorPostdatado_81: "dale yo te aviso"

      at log (src/flows/salesFlow.js:1420:25)

    console.log
      [AI-FALLBACK] waiting_preference: No keyword 
match for user_V3_UsuarioconDudas_82

      at log (src/flows/salesFlow.js:863:25)

    console.log
      Analyzing address data with AI...

      at log (src/flows/salesFlow.js:1486:21)

    console.log
      [ADDRESS] valid data extracted, attempts reset.

      at log (src/flows/salesFlow.js:1547:29)

    console.log
      Ô£à [PEDIDO CARGADO - PENDIENTE APROBACI├ôN] 
user_V3_UsuarioconDudas_82 ÔÇö Total: $66.900

      at log (src/flows/salesFlow.js:1869:29)

    console.log
      [GLOBAL] User 
user_V3_CambiodeProductoalaMitad_83 requested change.

      at log (src/flows/salesFlow.js:358:17)

    console.log
      Analyzing address data with AI...

      at log (src/flows/salesFlow.js:1486:21)

    console.log
      [ADDRESS] valid data extracted, attempts reset.

      at log (src/flows/salesFlow.js:1547:29)

    console.log
      Ô£à [PEDIDO CARGADO - PENDIENTE APROBACI├ôN] 
user_V3_CambiodeProductoalaMitad_83 ÔÇö Total: 
$66.900

      at log (src/flows/salesFlow.js:1869:29)

    console.log
      [LOGIC] User user_V3_NegativaAmable_84 
refused/failed weight question. Skipping to 
preference.

      at log (src/flows/salesFlow.js:688:29)

    console.log
      [AI-FALLBACK] waiting_preference: No keyword 
match for user_V3_NegativaAmable_84

      at log (src/flows/salesFlow.js:863:25)

    console.log
      Analyzing address data with AI...

      at log (src/flows/salesFlow.js:1486:21)

    console.log
      [ADDRESS] valid data extracted, attempts reset.

      at log (src/flows/salesFlow.js:1547:29)

    console.log
      Ô£à [PEDIDO CARGADO - PENDIENTE APROBACI├ôN] 
user_V3_Ideal_85 ÔÇö Total: $66.900

      at log (src/flows/salesFlow.js:1869:29)

    console.log
      [AI-FALLBACK] waiting_data: Detected 
question/objection from 
user_V3_CompradorPostdatado_86: "dale yo te aviso"

      at log (src/flows/salesFlow.js:1420:25)

    console.log
      [AI-FALLBACK] waiting_preference: No keyword 
match for user_V3_UsuarioconDudas_87

      at log (src/flows/salesFlow.js:863:25)

    console.log
      Analyzing address data with AI...

      at log (src/flows/salesFlow.js:1486:21)

    console.log
      [ADDRESS] valid data extracted, attempts reset.

      at log (src/flows/salesFlow.js:1547:29)

    console.log
      Ô£à [PEDIDO CARGADO - PENDIENTE APROBACI├ôN] 
user_V3_UsuarioconDudas_87 ÔÇö Total: $66.900

      at log (src/flows/salesFlow.js:1869:29)

    console.log
      [GLOBAL] User 
user_V3_CambiodeProductoalaMitad_88 requested change.

      at log (src/flows/salesFlow.js:358:17)

    console.log
      Analyzing address data with AI...

      at log (src/flows/salesFlow.js:1486:21)

    console.log
      [ADDRESS] valid data extracted, attempts reset.

      at log (src/flows/salesFlow.js:1547:29)

    console.log
      Ô£à [PEDIDO CARGADO - PENDIENTE APROBACI├ôN] 
user_V3_CambiodeProductoalaMitad_88 ÔÇö Total: 
$66.900

      at log (src/flows/salesFlow.js:1869:29)

    console.log
      [LOGIC] User user_V3_NegativaAmable_89 
refused/failed weight question. Skipping to 
preference.

      at log (src/flows/salesFlow.js:688:29)

    console.log
      [AI-FALLBACK] waiting_preference: No keyword 
match for user_V3_NegativaAmable_89

      at log (src/flows/salesFlow.js:863:25)

    console.log
      Analyzing address data with AI...

      at log (src/flows/salesFlow.js:1486:21)

    console.log
      [ADDRESS] valid data extracted, attempts reset.

      at log (src/flows/salesFlow.js:1547:29)

    console.log
      Ô£à [PEDIDO CARGADO - PENDIENTE APROBACI├ôN] 
user_V3_Ideal_90 ÔÇö Total: $66.900

      at log (src/flows/salesFlow.js:1869:29)

    console.log
      [AI-FALLBACK] waiting_data: Detected 
question/objection from 
user_V3_CompradorPostdatado_91: "dale yo te aviso"

      at log (src/flows/salesFlow.js:1420:25)

    console.log
      [AI-FALLBACK] waiting_preference: No keyword 
match for user_V3_UsuarioconDudas_92

      at log (src/flows/salesFlow.js:863:25)

    console.log
      Analyzing address data with AI...

      at log (src/flows/salesFlow.js:1486:21)

    console.log
      [ADDRESS] valid data extracted, attempts reset.

      at log (src/flows/salesFlow.js:1547:29)

    console.log
      Ô£à [PEDIDO CARGADO - PENDIENTE APROBACI├ôN] 
user_V3_UsuarioconDudas_92 ÔÇö Total: $66.900

      at log (src/flows/salesFlow.js:1869:29)

    console.log
      [GLOBAL] User 
user_V3_CambiodeProductoalaMitad_93 requested change.

      at log (src/flows/salesFlow.js:358:17)

    console.log
      Analyzing address data with AI...

      at log (src/flows/salesFlow.js:1486:21)

    console.log
      [ADDRESS] valid data extracted, attempts reset.

      at log (src/flows/salesFlow.js:1547:29)

    console.log
      Ô£à [PEDIDO CARGADO - PENDIENTE APROBACI├ôN] 
user_V3_CambiodeProductoalaMitad_93 ÔÇö Total: 
$66.900

      at log (src/flows/salesFlow.js:1869:29)

    console.log
      [LOGIC] User user_V3_NegativaAmable_94 
refused/failed weight question. Skipping to 
preference.

      at log (src/flows/salesFlow.js:688:29)

    console.log
      [AI-FALLBACK] waiting_preference: No keyword 
match for user_V3_NegativaAmable_94

      at log (src/flows/salesFlow.js:863:25)

    console.log
      Analyzing address data with AI...

      at log (src/flows/salesFlow.js:1486:21)

    console.log
      [ADDRESS] valid data extracted, attempts reset.

      at log (src/flows/salesFlow.js:1547:29)

    console.log
      Ô£à [PEDIDO CARGADO - PENDIENTE APROBACI├ôN] 
user_V3_Ideal_95 ÔÇö Total: $66.900

      at log (src/flows/salesFlow.js:1869:29)

    console.log
      [AI-FALLBACK] waiting_data: Detected 
question/objection from 
user_V3_CompradorPostdatado_96: "dale yo te aviso"

      at log (src/flows/salesFlow.js:1420:25)

    console.log
      [AI-FALLBACK] waiting_preference: No keyword 
match for user_V3_UsuarioconDudas_97

      at log (src/flows/salesFlow.js:863:25)

    console.log
      Analyzing address data with AI...

      at log (src/flows/salesFlow.js:1486:21)

    console.log
      [ADDRESS] valid data extracted, attempts reset.

      at log (src/flows/salesFlow.js:1547:29)

    console.log
      Ô£à [PEDIDO CARGADO - PENDIENTE APROBACI├ôN] 
user_V3_UsuarioconDudas_97 ÔÇö Total: $66.900

      at log (src/flows/salesFlow.js:1869:29)

    console.log
      [GLOBAL] User 
user_V3_CambiodeProductoalaMitad_98 requested change.

      at log (src/flows/salesFlow.js:358:17)

    console.log
      Analyzing address data with AI...

      at log (src/flows/salesFlow.js:1486:21)

    console.log
      [ADDRESS] valid data extracted, attempts reset.

      at log (src/flows/salesFlow.js:1547:29)

    console.log
      Ô£à [PEDIDO CARGADO - PENDIENTE APROBACI├ôN] 
user_V3_CambiodeProductoalaMitad_98 ÔÇö Total: 
$66.900

      at log (src/flows/salesFlow.js:1869:29)

    console.log
      [LOGIC] User user_V3_NegativaAmable_99 
refused/failed weight question. Skipping to 
preference.

      at log (src/flows/salesFlow.js:688:29)

    console.log
      [AI-FALLBACK] waiting_preference: No keyword 
match for user_V3_NegativaAmable_99

      at log (src/flows/salesFlow.js:863:25)

    console.log
      Analyzing address data with AI...

      at log (src/flows/salesFlow.js:1486:21)

    console.log
      [ADDRESS] valid data extracted, attempts reset.

      at log (src/flows/salesFlow.js:1547:29)

    console.log
      Ô£à [PEDIDO CARGADO - PENDIENTE APROBACI├ôN] 
user_V4_Ideal_0 ÔÇö Total: $66.900

      at log (src/flows/salesFlow.js:1869:29)

    console.log
      [AI-FALLBACK] waiting_data: Detected 
question/objection from 
user_V4_CompradorPostdatado_1: "dale yo te aviso"

      at log (src/flows/salesFlow.js:1420:25)

    console.log
      [AI-FALLBACK] waiting_preference: No keyword 
match for user_V4_UsuarioconDudas_2

      at log (src/flows/salesFlow.js:863:25)

    console.log
      Analyzing address data with AI...

      at log (src/flows/salesFlow.js:1486:21)

    console.log
      [ADDRESS] valid data extracted, attempts reset.

      at log (src/flows/salesFlow.js:1547:29)

    console.log
      Ô£à [PEDIDO CARGADO - PENDIENTE APROBACI├ôN] 
user_V4_UsuarioconDudas_2 ÔÇö Total: $66.900

      at log (src/flows/salesFlow.js:1869:29)

    console.log
      [GLOBAL] User 
user_V4_CambiodeProductoalaMitad_3 requested change.

      at log (src/flows/salesFlow.js:358:17)

    console.log
      Analyzing address data with AI...

      at log (src/flows/salesFlow.js:1486:21)

    console.log
      [ADDRESS] valid data extracted, attempts reset.

      at log (src/flows/salesFlow.js:1547:29)

    console.log
      Ô£à [PEDIDO CARGADO - PENDIENTE APROBACI├ôN] 
user_V4_CambiodeProductoalaMitad_3 ÔÇö Total: $66.900

      at log (src/flows/salesFlow.js:1869:29)

    console.log
      [LOGIC] User user_V4_NegativaAmable_4 
refused/failed weight question. Skipping to 
preference.

      at log (src/flows/salesFlow.js:688:29)

    console.log
      [AI-FALLBACK] waiting_preference: No keyword 
match for user_V4_NegativaAmable_4

      at log (src/flows/salesFlow.js:863:25)

    console.log
      Analyzing address data with AI...

      at log (src/flows/salesFlow.js:1486:21)

    console.log
      [ADDRESS] valid data extracted, attempts reset.

      at log (src/flows/salesFlow.js:1547:29)

    console.log
      Ô£à [PEDIDO CARGADO - PENDIENTE APROBACI├ôN] 
user_V4_Ideal_5 ÔÇö Total: $66.900

      at log (src/flows/salesFlow.js:1869:29)

    console.log
      [AI-FALLBACK] waiting_data: Detected 
question/objection from 
user_V4_CompradorPostdatado_6: "dale yo te aviso"

      at log (src/flows/salesFlow.js:1420:25)

    console.log
      [AI-FALLBACK] waiting_preference: No keyword 
match for user_V4_UsuarioconDudas_7

      at log (src/flows/salesFlow.js:863:25)

    console.log
      Analyzing address data with AI...

      at log (src/flows/salesFlow.js:1486:21)

    console.log
      [ADDRESS] valid data extracted, attempts reset.

      at log (src/flows/salesFlow.js:1547:29)

    console.log
      Ô£à [PEDIDO CARGADO - PENDIENTE APROBACI├ôN] 
user_V4_UsuarioconDudas_7 ÔÇö Total: $66.900

      at log (src/flows/salesFlow.js:1869:29)

    console.log
      [GLOBAL] User 
user_V4_CambiodeProductoalaMitad_8 requested change.

      at log (src/flows/salesFlow.js:358:17)

    console.log
      Analyzing address data with AI...

      at log (src/flows/salesFlow.js:1486:21)

    console.log
      [ADDRESS] valid data extracted, attempts reset.

      at log (src/flows/salesFlow.js:1547:29)

    console.log
      Ô£à [PEDIDO CARGADO - PENDIENTE APROBACI├ôN] 
user_V4_CambiodeProductoalaMitad_8 ÔÇö Total: $66.900

      at log (src/flows/salesFlow.js:1869:29)

    console.log
      [LOGIC] User user_V4_NegativaAmable_9 
refused/failed weight question. Skipping to 
preference.

      at log (src/flows/salesFlow.js:688:29)

    console.log
      [AI-FALLBACK] waiting_preference: No keyword 
match for user_V4_NegativaAmable_9

      at log (src/flows/salesFlow.js:863:25)

    console.log
      Analyzing address data with AI...

      at log (src/flows/salesFlow.js:1486:21)

    console.log
      [ADDRESS] valid data extracted, attempts reset.

      at log (src/flows/salesFlow.js:1547:29)

    console.log
      Ô£à [PEDIDO CARGADO - PENDIENTE APROBACI├ôN] 
user_V4_Ideal_10 ÔÇö Total: $66.900

      at log (src/flows/salesFlow.js:1869:29)

    console.log
      [AI-FALLBACK] waiting_data: Detected 
question/objection from 
user_V4_CompradorPostdatado_11: "dale yo te aviso"

      at log (src/flows/salesFlow.js:1420:25)

    console.log
      [AI-FALLBACK] waiting_preference: No keyword 
match for user_V4_UsuarioconDudas_12

      at log (src/flows/salesFlow.js:863:25)

    console.log
      Analyzing address data with AI...

      at log (src/flows/salesFlow.js:1486:21)

    console.log
      [ADDRESS] valid data extracted, attempts reset.

      at log (src/flows/salesFlow.js:1547:29)

    console.log
      Ô£à [PEDIDO CARGADO - PENDIENTE APROBACI├ôN] 
user_V4_UsuarioconDudas_12 ÔÇö Total: $66.900

      at log (src/flows/salesFlow.js:1869:29)

    console.log
      [GLOBAL] User 
user_V4_CambiodeProductoalaMitad_13 requested change.

      at log (src/flows/salesFlow.js:358:17)

    console.log
      Analyzing address data with AI...

      at log (src/flows/salesFlow.js:1486:21)

    console.log
      [ADDRESS] valid data extracted, attempts reset.

      at log (src/flows/salesFlow.js:1547:29)

    console.log
      Ô£à [PEDIDO CARGADO - PENDIENTE APROBACI├ôN] 
user_V4_CambiodeProductoalaMitad_13 ÔÇö Total: 
$66.900

      at log (src/flows/salesFlow.js:1869:29)

    console.log
      [LOGIC] User user_V4_NegativaAmable_14 
refused/failed weight question. Skipping to 
preference.

      at log (src/flows/salesFlow.js:688:29)

    console.log
      [AI-FALLBACK] waiting_preference: No keyword 
match for user_V4_NegativaAmable_14

      at log (src/flows/salesFlow.js:863:25)

    console.log
      Analyzing address data with AI...

      at log (src/flows/salesFlow.js:1486:21)

    console.log
      [ADDRESS] valid data extracted, attempts reset.

      at log (src/flows/salesFlow.js:1547:29)

    console.log
      Ô£à [PEDIDO CARGADO - PENDIENTE APROBACI├ôN] 
user_V4_Ideal_15 ÔÇö Total: $66.900

      at log (src/flows/salesFlow.js:1869:29)

    console.log
      [AI-FALLBACK] waiting_data: Detected 
question/objection from 
user_V4_CompradorPostdatado_16: "dale yo te aviso"

      at log (src/flows/salesFlow.js:1420:25)

    console.log
      [AI-FALLBACK] waiting_preference: No keyword 
match for user_V4_UsuarioconDudas_17

      at log (src/flows/salesFlow.js:863:25)

    console.log
      Analyzing address data with AI...

      at log (src/flows/salesFlow.js:1486:21)

    console.log
      [ADDRESS] valid data extracted, attempts reset.

      at log (src/flows/salesFlow.js:1547:29)

    console.log
      Ô£à [PEDIDO CARGADO - PENDIENTE APROBACI├ôN] 
user_V4_UsuarioconDudas_17 ÔÇö Total: $66.900

      at log (src/flows/salesFlow.js:1869:29)

    console.log
      [GLOBAL] User 
user_V4_CambiodeProductoalaMitad_18 requested change.

      at log (src/flows/salesFlow.js:358:17)

    console.log
      Analyzing address data with AI...

      at log (src/flows/salesFlow.js:1486:21)

    console.log
      [ADDRESS] valid data extracted, attempts reset.

      at log (src/flows/salesFlow.js:1547:29)

    console.log
      Ô£à [PEDIDO CARGADO - PENDIENTE APROBACI├ôN] 
user_V4_CambiodeProductoalaMitad_18 ÔÇö Total: 
$66.900

      at log (src/flows/salesFlow.js:1869:29)

    console.log
      [LOGIC] User user_V4_NegativaAmable_19 
refused/failed weight question. Skipping to 
preference.

      at log (src/flows/salesFlow.js:688:29)

    console.log
      [AI-FALLBACK] waiting_preference: No keyword 
match for user_V4_NegativaAmable_19

      at log (src/flows/salesFlow.js:863:25)

    console.log
      Analyzing address data with AI...

      at log (src/flows/salesFlow.js:1486:21)

    console.log
      [ADDRESS] valid data extracted, attempts reset.

      at log (src/flows/salesFlow.js:1547:29)

    console.log
      Ô£à [PEDIDO CARGADO - PENDIENTE APROBACI├ôN] 
user_V4_Ideal_20 ÔÇö Total: $66.900

      at log (src/flows/salesFlow.js:1869:29)

    console.log
      [AI-FALLBACK] waiting_data: Detected 
question/objection from 
user_V4_CompradorPostdatado_21: "dale yo te aviso"

      at log (src/flows/salesFlow.js:1420:25)

    console.log
      [AI-FALLBACK] waiting_preference: No keyword 
match for user_V4_UsuarioconDudas_22

      at log (src/flows/salesFlow.js:863:25)

    console.log
      Analyzing address data with AI...

      at log (src/flows/salesFlow.js:1486:21)

    console.log
      [ADDRESS] valid data extracted, attempts reset.

      at log (src/flows/salesFlow.js:1547:29)

    console.log
      Ô£à [PEDIDO CARGADO - PENDIENTE APROBACI├ôN] 
user_V4_UsuarioconDudas_22 ÔÇö Total: $66.900

      at log (src/flows/salesFlow.js:1869:29)

    console.log
      [GLOBAL] User 
user_V4_CambiodeProductoalaMitad_23 requested change.

      at log (src/flows/salesFlow.js:358:17)

    console.log
      Analyzing address data with AI...

      at log (src/flows/salesFlow.js:1486:21)

    console.log
      [ADDRESS] valid data extracted, attempts reset.

      at log (src/flows/salesFlow.js:1547:29)

    console.log
      Ô£à [PEDIDO CARGADO - PENDIENTE APROBACI├ôN] 
user_V4_CambiodeProductoalaMitad_23 ÔÇö Total: 
$66.900

      at log (src/flows/salesFlow.js:1869:29)

    console.log
      [LOGIC] User user_V4_NegativaAmable_24 
refused/failed weight question. Skipping to 
preference.

      at log (src/flows/salesFlow.js:688:29)

    console.log
      [AI-FALLBACK] waiting_preference: No keyword 
match for user_V4_NegativaAmable_24

      at log (src/flows/salesFlow.js:863:25)

    console.log
      Analyzing address data with AI...

      at log (src/flows/salesFlow.js:1486:21)

    console.log
      [ADDRESS] valid data extracted, attempts reset.

      at log (src/flows/salesFlow.js:1547:29)

    console.log
      Ô£à [PEDIDO CARGADO - PENDIENTE APROBACI├ôN] 
user_V4_Ideal_25 ÔÇö Total: $66.900

      at log (src/flows/salesFlow.js:1869:29)

    console.log
      [AI-FALLBACK] waiting_data: Detected 
question/objection from 
user_V4_CompradorPostdatado_26: "dale yo te aviso"

      at log (src/flows/salesFlow.js:1420:25)

    console.log
      [AI-FALLBACK] waiting_preference: No keyword 
match for user_V4_UsuarioconDudas_27

      at log (src/flows/salesFlow.js:863:25)

    console.log
      Analyzing address data with AI...

      at log (src/flows/salesFlow.js:1486:21)

    console.log
      [ADDRESS] valid data extracted, attempts reset.

      at log (src/flows/salesFlow.js:1547:29)

    console.log
      Ô£à [PEDIDO CARGADO - PENDIENTE APROBACI├ôN] 
user_V4_UsuarioconDudas_27 ÔÇö Total: $66.900

      at log (src/flows/salesFlow.js:1869:29)

    console.log
      [GLOBAL] User 
user_V4_CambiodeProductoalaMitad_28 requested change.

      at log (src/flows/salesFlow.js:358:17)

    console.log
      Analyzing address data with AI...

      at log (src/flows/salesFlow.js:1486:21)

    console.log
      [ADDRESS] valid data extracted, attempts reset.

      at log (src/flows/salesFlow.js:1547:29)

    console.log
      Ô£à [PEDIDO CARGADO - PENDIENTE APROBACI├ôN] 
user_V4_CambiodeProductoalaMitad_28 ÔÇö Total: 
$66.900

      at log (src/flows/salesFlow.js:1869:29)

    console.log
      [LOGIC] User user_V4_NegativaAmable_29 
refused/failed weight question. Skipping to 
preference.

      at log (src/flows/salesFlow.js:688:29)

    console.log
      [AI-FALLBACK] waiting_preference: No keyword 
match for user_V4_NegativaAmable_29

      at log (src/flows/salesFlow.js:863:25)

    console.log
      Analyzing address data with AI...

      at log (src/flows/salesFlow.js:1486:21)

    console.log
      [ADDRESS] valid data extracted, attempts reset.

      at log (src/flows/salesFlow.js:1547:29)

    console.log
      Ô£à [PEDIDO CARGADO - PENDIENTE APROBACI├ôN] 
user_V4_Ideal_30 ÔÇö Total: $66.900

      at log (src/flows/salesFlow.js:1869:29)

    console.log
      [AI-FALLBACK] waiting_data: Detected 
question/objection from 
user_V4_CompradorPostdatado_31: "dale yo te aviso"

      at log (src/flows/salesFlow.js:1420:25)

    console.log
      [AI-FALLBACK] waiting_preference: No keyword 
match for user_V4_UsuarioconDudas_32

      at log (src/flows/salesFlow.js:863:25)

    console.log
      Analyzing address data with AI...

      at log (src/flows/salesFlow.js:1486:21)

    console.log
      [ADDRESS] valid data extracted, attempts reset.

      at log (src/flows/salesFlow.js:1547:29)

    console.log
      Ô£à [PEDIDO CARGADO - PENDIENTE APROBACI├ôN] 
user_V4_UsuarioconDudas_32 ÔÇö Total: $66.900

      at log (src/flows/salesFlow.js:1869:29)

    console.log
      [GLOBAL] User 
user_V4_CambiodeProductoalaMitad_33 requested change.

      at log (src/flows/salesFlow.js:358:17)

    console.log
      Analyzing address data with AI...

      at log (src/flows/salesFlow.js:1486:21)

    console.log
      [ADDRESS] valid data extracted, attempts reset.

      at log (src/flows/salesFlow.js:1547:29)

    console.log
      Ô£à [PEDIDO CARGADO - PENDIENTE APROBACI├ôN] 
user_V4_CambiodeProductoalaMitad_33 ÔÇö Total: 
$66.900

      at log (src/flows/salesFlow.js:1869:29)

    console.log
      [LOGIC] User user_V4_NegativaAmable_34 
refused/failed weight question. Skipping to 
preference.

      at log (src/flows/salesFlow.js:688:29)

    console.log
      [AI-FALLBACK] waiting_preference: No keyword 
match for user_V4_NegativaAmable_34

      at log (src/flows/salesFlow.js:863:25)

    console.log
      Analyzing address data with AI...

      at log (src/flows/salesFlow.js:1486:21)

    console.log
      [ADDRESS] valid data extracted, attempts reset.

      at log (src/flows/salesFlow.js:1547:29)

    console.log
      Ô£à [PEDIDO CARGADO - PENDIENTE APROBACI├ôN] 
user_V4_Ideal_35 ÔÇö Total: $66.900

      at log (src/flows/salesFlow.js:1869:29)

    console.log
      [AI-FALLBACK] waiting_data: Detected 
question/objection from 
user_V4_CompradorPostdatado_36: "dale yo te aviso"

      at log (src/flows/salesFlow.js:1420:25)

    console.log
      [AI-FALLBACK] waiting_preference: No keyword 
match for user_V4_UsuarioconDudas_37

      at log (src/flows/salesFlow.js:863:25)

    console.log
      Analyzing address data with AI...

      at log (src/flows/salesFlow.js:1486:21)

    console.log
      [ADDRESS] valid data extracted, attempts reset.

      at log (src/flows/salesFlow.js:1547:29)

    console.log
      Ô£à [PEDIDO CARGADO - PENDIENTE APROBACI├ôN] 
user_V4_UsuarioconDudas_37 ÔÇö Total: $66.900

      at log (src/flows/salesFlow.js:1869:29)

    console.log
      [GLOBAL] User 
user_V4_CambiodeProductoalaMitad_38 requested change.

      at log (src/flows/salesFlow.js:358:17)

    console.log
      Analyzing address data with AI...

      at log (src/flows/salesFlow.js:1486:21)

    console.log
      [ADDRESS] valid data extracted, attempts reset.

      at log (src/flows/salesFlow.js:1547:29)

    console.log
      Ô£à [PEDIDO CARGADO - PENDIENTE APROBACI├ôN] 
user_V4_CambiodeProductoalaMitad_38 ÔÇö Total: 
$66.900

      at log (src/flows/salesFlow.js:1869:29)

    console.log
      [LOGIC] User user_V4_NegativaAmable_39 
refused/failed weight question. Skipping to 
preference.

      at log (src/flows/salesFlow.js:688:29)

    console.log
      [AI-FALLBACK] waiting_preference: No keyword 
match for user_V4_NegativaAmable_39

      at log (src/flows/salesFlow.js:863:25)

    console.log
      Analyzing address data with AI...

      at log (src/flows/salesFlow.js:1486:21)

    console.log
      [ADDRESS] valid data extracted, attempts reset.

      at log (src/flows/salesFlow.js:1547:29)

    console.log
      Ô£à [PEDIDO CARGADO - PENDIENTE APROBACI├ôN] 
user_V4_Ideal_40 ÔÇö Total: $66.900

      at log (src/flows/salesFlow.js:1869:29)

    console.log
      [AI-FALLBACK] waiting_data: Detected 
question/objection from 
user_V4_CompradorPostdatado_41: "dale yo te aviso"

      at log (src/flows/salesFlow.js:1420:25)

    console.log
      [AI-FALLBACK] waiting_preference: No keyword 
match for user_V4_UsuarioconDudas_42

      at log (src/flows/salesFlow.js:863:25)

    console.log
      Analyzing address data with AI...

      at log (src/flows/salesFlow.js:1486:21)

    console.log
      [ADDRESS] valid data extracted, attempts reset.

      at log (src/flows/salesFlow.js:1547:29)

    console.log
      Ô£à [PEDIDO CARGADO - PENDIENTE APROBACI├ôN] 
user_V4_UsuarioconDudas_42 ÔÇö Total: $66.900

      at log (src/flows/salesFlow.js:1869:29)

    console.log
      [GLOBAL] User 
user_V4_CambiodeProductoalaMitad_43 requested change.

      at log (src/flows/salesFlow.js:358:17)

    console.log
      Analyzing address data with AI...

      at log (src/flows/salesFlow.js:1486:21)

    console.log
      [ADDRESS] valid data extracted, attempts reset.

      at log (src/flows/salesFlow.js:1547:29)

    console.log
      Ô£à [PEDIDO CARGADO - PENDIENTE APROBACI├ôN] 
user_V4_CambiodeProductoalaMitad_43 ÔÇö Total: 
$66.900

      at log (src/flows/salesFlow.js:1869:29)

    console.log
      [LOGIC] User user_V4_NegativaAmable_44 
refused/failed weight question. Skipping to 
preference.

      at log (src/flows/salesFlow.js:688:29)

    console.log
      [AI-FALLBACK] waiting_preference: No keyword 
match for user_V4_NegativaAmable_44

      at log (src/flows/salesFlow.js:863:25)

    console.log
      Analyzing address data with AI...

      at log (src/flows/salesFlow.js:1486:21)

    console.log
      [ADDRESS] valid data extracted, attempts reset.

      at log (src/flows/salesFlow.js:1547:29)

    console.log
      Ô£à [PEDIDO CARGADO - PENDIENTE APROBACI├ôN] 
user_V4_Ideal_45 ÔÇö Total: $66.900

      at log (src/flows/salesFlow.js:1869:29)

    console.log
      [AI-FALLBACK] waiting_data: Detected 
question/objection from 
user_V4_CompradorPostdatado_46: "dale yo te aviso"

      at log (src/flows/salesFlow.js:1420:25)

    console.log
      [AI-FALLBACK] waiting_preference: No keyword 
match for user_V4_UsuarioconDudas_47

      at log (src/flows/salesFlow.js:863:25)

    console.log
      Analyzing address data with AI...

      at log (src/flows/salesFlow.js:1486:21)

    console.log
      [ADDRESS] valid data extracted, attempts reset.

      at log (src/flows/salesFlow.js:1547:29)

    console.log
      Ô£à [PEDIDO CARGADO - PENDIENTE APROBACI├ôN] 
user_V4_UsuarioconDudas_47 ÔÇö Total: $66.900

      at log (src/flows/salesFlow.js:1869:29)

    console.log
      [GLOBAL] User 
user_V4_CambiodeProductoalaMitad_48 requested change.

      at log (src/flows/salesFlow.js:358:17)

    console.log
      Analyzing address data with AI...

      at log (src/flows/salesFlow.js:1486:21)

    console.log
      [ADDRESS] valid data extracted, attempts reset.

      at log (src/flows/salesFlow.js:1547:29)

    console.log
      Ô£à [PEDIDO CARGADO - PENDIENTE APROBACI├ôN] 
user_V4_CambiodeProductoalaMitad_48 ÔÇö Total: 
$66.900

      at log (src/flows/salesFlow.js:1869:29)

    console.log
      [LOGIC] User user_V4_NegativaAmable_49 
refused/failed weight question. Skipping to 
preference.

      at log (src/flows/salesFlow.js:688:29)

    console.log
      [AI-FALLBACK] waiting_preference: No keyword 
match for user_V4_NegativaAmable_49

      at log (src/flows/salesFlow.js:863:25)

    console.log
      Analyzing address data with AI...

      at log (src/flows/salesFlow.js:1486:21)

    console.log
      [ADDRESS] valid data extracted, attempts reset.

      at log (src/flows/salesFlow.js:1547:29)

    console.log
      Ô£à [PEDIDO CARGADO - PENDIENTE APROBACI├ôN] 
user_V4_Ideal_50 ÔÇö Total: $66.900

      at log (src/flows/salesFlow.js:1869:29)

    console.log
      [AI-FALLBACK] waiting_data: Detected 
question/objection from 
user_V4_CompradorPostdatado_51: "dale yo te aviso"

      at log (src/flows/salesFlow.js:1420:25)

    console.log
      [AI-FALLBACK] waiting_preference: No keyword 
match for user_V4_UsuarioconDudas_52

      at log (src/flows/salesFlow.js:863:25)

    console.log
      Analyzing address data with AI...

      at log (src/flows/salesFlow.js:1486:21)

    console.log
      [ADDRESS] valid data extracted, attempts reset.

      at log (src/flows/salesFlow.js:1547:29)

    console.log
      Ô£à [PEDIDO CARGADO - PENDIENTE APROBACI├ôN] 
user_V4_UsuarioconDudas_52 ÔÇö Total: $66.900

      at log (src/flows/salesFlow.js:1869:29)

    console.log
      [GLOBAL] User 
user_V4_CambiodeProductoalaMitad_53 requested change.

      at log (src/flows/salesFlow.js:358:17)

    console.log
      Analyzing address data with AI...

      at log (src/flows/salesFlow.js:1486:21)

    console.log
      [ADDRESS] valid data extracted, attempts reset.

      at log (src/flows/salesFlow.js:1547:29)

    console.log
      Ô£à [PEDIDO CARGADO - PENDIENTE APROBACI├ôN] 
user_V4_CambiodeProductoalaMitad_53 ÔÇö Total: 
$66.900

      at log (src/flows/salesFlow.js:1869:29)

    console.log
      [LOGIC] User user_V4_NegativaAmable_54 
refused/failed weight question. Skipping to 
preference.

      at log (src/flows/salesFlow.js:688:29)

    console.log
      [AI-FALLBACK] waiting_preference: No keyword 
match for user_V4_NegativaAmable_54

      at log (src/flows/salesFlow.js:863:25)

    console.log
      Analyzing address data with AI...

      at log (src/flows/salesFlow.js:1486:21)

    console.log
      [ADDRESS] valid data extracted, attempts reset.

      at log (src/flows/salesFlow.js:1547:29)

    console.log
      Ô£à [PEDIDO CARGADO - PENDIENTE APROBACI├ôN] 
user_V4_Ideal_55 ÔÇö Total: $66.900

      at log (src/flows/salesFlow.js:1869:29)

    console.log
      [AI-FALLBACK] waiting_data: Detected 
question/objection from 
user_V4_CompradorPostdatado_56: "dale yo te aviso"

      at log (src/flows/salesFlow.js:1420:25)

    console.log
      [AI-FALLBACK] waiting_preference: No keyword 
match for user_V4_UsuarioconDudas_57

      at log (src/flows/salesFlow.js:863:25)

    console.log
      Analyzing address data with AI...

      at log (src/flows/salesFlow.js:1486:21)

    console.log
      [ADDRESS] valid data extracted, attempts reset.

      at log (src/flows/salesFlow.js:1547:29)

    console.log
      Ô£à [PEDIDO CARGADO - PENDIENTE APROBACI├ôN] 
user_V4_UsuarioconDudas_57 ÔÇö Total: $66.900

      at log (src/flows/salesFlow.js:1869:29)

    console.log
      [GLOBAL] User 
user_V4_CambiodeProductoalaMitad_58 requested change.

      at log (src/flows/salesFlow.js:358:17)

    console.log
      Analyzing address data with AI...

      at log (src/flows/salesFlow.js:1486:21)

    console.log
      [ADDRESS] valid data extracted, attempts reset.

      at log (src/flows/salesFlow.js:1547:29)

    console.log
      Ô£à [PEDIDO CARGADO - PENDIENTE APROBACI├ôN] 
user_V4_CambiodeProductoalaMitad_58 ÔÇö Total: 
$66.900

      at log (src/flows/salesFlow.js:1869:29)

    console.log
      [LOGIC] User user_V4_NegativaAmable_59 
refused/failed weight question. Skipping to 
preference.

      at log (src/flows/salesFlow.js:688:29)

    console.log
      [AI-FALLBACK] waiting_preference: No keyword 
match for user_V4_NegativaAmable_59

      at log (src/flows/salesFlow.js:863:25)

    console.log
      Analyzing address data with AI...

      at log (src/flows/salesFlow.js:1486:21)

    console.log
      [ADDRESS] valid data extracted, attempts reset.

      at log (src/flows/salesFlow.js:1547:29)

    console.log
      Ô£à [PEDIDO CARGADO - PENDIENTE APROBACI├ôN] 
user_V4_Ideal_60 ÔÇö Total: $66.900

      at log (src/flows/salesFlow.js:1869:29)

    console.log
      [AI-FALLBACK] waiting_data: Detected 
question/objection from 
user_V4_CompradorPostdatado_61: "dale yo te aviso"

      at log (src/flows/salesFlow.js:1420:25)

    console.log
      [AI-FALLBACK] waiting_preference: No keyword 
match for user_V4_UsuarioconDudas_62

      at log (src/flows/salesFlow.js:863:25)

    console.log
      Analyzing address data with AI...

      at log (src/flows/salesFlow.js:1486:21)

    console.log
      [ADDRESS] valid data extracted, attempts reset.

      at log (src/flows/salesFlow.js:1547:29)

    console.log
      Ô£à [PEDIDO CARGADO - PENDIENTE APROBACI├ôN] 
user_V4_UsuarioconDudas_62 ÔÇö Total: $66.900

      at log (src/flows/salesFlow.js:1869:29)

    console.log
      [GLOBAL] User 
user_V4_CambiodeProductoalaMitad_63 requested change.

      at log (src/flows/salesFlow.js:358:17)

    console.log
      Analyzing address data with AI...

      at log (src/flows/salesFlow.js:1486:21)

    console.log
      [ADDRESS] valid data extracted, attempts reset.

      at log (src/flows/salesFlow.js:1547:29)

    console.log
      Ô£à [PEDIDO CARGADO - PENDIENTE APROBACI├ôN] 
user_V4_CambiodeProductoalaMitad_63 ÔÇö Total: 
$66.900

      at log (src/flows/salesFlow.js:1869:29)

    console.log
      [LOGIC] User user_V4_NegativaAmable_64 
refused/failed weight question. Skipping to 
preference.

      at log (src/flows/salesFlow.js:688:29)

    console.log
      [AI-FALLBACK] waiting_preference: No keyword 
match for user_V4_NegativaAmable_64

      at log (src/flows/salesFlow.js:863:25)

    console.log
      Analyzing address data with AI...

      at log (src/flows/salesFlow.js:1486:21)

    console.log
      [ADDRESS] valid data extracted, attempts reset.

      at log (src/flows/salesFlow.js:1547:29)

    console.log
      Ô£à [PEDIDO CARGADO - PENDIENTE APROBACI├ôN] 
user_V4_Ideal_65 ÔÇö Total: $66.900

      at log (src/flows/salesFlow.js:1869:29)

    console.log
      [AI-FALLBACK] waiting_data: Detected 
question/objection from 
user_V4_CompradorPostdatado_66: "dale yo te aviso"

      at log (src/flows/salesFlow.js:1420:25)

    console.log
      [AI-FALLBACK] waiting_preference: No keyword 
match for user_V4_UsuarioconDudas_67

      at log (src/flows/salesFlow.js:863:25)

    console.log
      Analyzing address data with AI...

      at log (src/flows/salesFlow.js:1486:21)

    console.log
      [ADDRESS] valid data extracted, attempts reset.

      at log (src/flows/salesFlow.js:1547:29)

    console.log
      Ô£à [PEDIDO CARGADO - PENDIENTE APROBACI├ôN] 
user_V4_UsuarioconDudas_67 ÔÇö Total: $66.900

      at log (src/flows/salesFlow.js:1869:29)

    console.log
      [GLOBAL] User 
user_V4_CambiodeProductoalaMitad_68 requested change.

      at log (src/flows/salesFlow.js:358:17)

    console.log
      Analyzing address data with AI...

      at log (src/flows/salesFlow.js:1486:21)

    console.log
      [ADDRESS] valid data extracted, attempts reset.

      at log (src/flows/salesFlow.js:1547:29)

    console.log
      Ô£à [PEDIDO CARGADO - PENDIENTE APROBACI├ôN] 
user_V4_CambiodeProductoalaMitad_68 ÔÇö Total: 
$66.900

      at log (src/flows/salesFlow.js:1869:29)

    console.log
      [LOGIC] User user_V4_NegativaAmable_69 
refused/failed weight question. Skipping to 
preference.

      at log (src/flows/salesFlow.js:688:29)

    console.log
      [AI-FALLBACK] waiting_preference: No keyword 
match for user_V4_NegativaAmable_69

      at log (src/flows/salesFlow.js:863:25)

    console.log
      Analyzing address data with AI...

      at log (src/flows/salesFlow.js:1486:21)

    console.log
      [ADDRESS] valid data extracted, attempts reset.

      at log (src/flows/salesFlow.js:1547:29)

    console.log
      Ô£à [PEDIDO CARGADO - PENDIENTE APROBACI├ôN] 
user_V4_Ideal_70 ÔÇö Total: $66.900

      at log (src/flows/salesFlow.js:1869:29)

    console.log
      [AI-FALLBACK] waiting_data: Detected 
question/objection from 
user_V4_CompradorPostdatado_71: "dale yo te aviso"

      at log (src/flows/salesFlow.js:1420:25)

    console.log
      [AI-FALLBACK] waiting_preference: No keyword 
match for user_V4_UsuarioconDudas_72

      at log (src/flows/salesFlow.js:863:25)

    console.log
      Analyzing address data with AI...

      at log (src/flows/salesFlow.js:1486:21)

    console.log
      [ADDRESS] valid data extracted, attempts reset.

      at log (src/flows/salesFlow.js:1547:29)

    console.log
      Ô£à [PEDIDO CARGADO - PENDIENTE APROBACI├ôN] 
user_V4_UsuarioconDudas_72 ÔÇö Total: $66.900

      at log (src/flows/salesFlow.js:1869:29)

    console.log
      [GLOBAL] User 
user_V4_CambiodeProductoalaMitad_73 requested change.

      at log (src/flows/salesFlow.js:358:17)

    console.log
      Analyzing address data with AI...

      at log (src/flows/salesFlow.js:1486:21)

    console.log
      [ADDRESS] valid data extracted, attempts reset.

      at log (src/flows/salesFlow.js:1547:29)

    console.log
      Ô£à [PEDIDO CARGADO - PENDIENTE APROBACI├ôN] 
user_V4_CambiodeProductoalaMitad_73 ÔÇö Total: 
$66.900

      at log (src/flows/salesFlow.js:1869:29)

    console.log
      [LOGIC] User user_V4_NegativaAmable_74 
refused/failed weight question. Skipping to 
preference.

      at log (src/flows/salesFlow.js:688:29)

    console.log
      [AI-FALLBACK] waiting_preference: No keyword 
match for user_V4_NegativaAmable_74

      at log (src/flows/salesFlow.js:863:25)

    console.log
      Analyzing address data with AI...

      at log (src/flows/salesFlow.js:1486:21)

    console.log
      [ADDRESS] valid data extracted, attempts reset.

      at log (src/flows/salesFlow.js:1547:29)

    console.log
      Ô£à [PEDIDO CARGADO - PENDIENTE APROBACI├ôN] 
user_V4_Ideal_75 ÔÇö Total: $66.900

      at log (src/flows/salesFlow.js:1869:29)

    console.log
      [AI-FALLBACK] waiting_data: Detected 
question/objection from 
user_V4_CompradorPostdatado_76: "dale yo te aviso"

      at log (src/flows/salesFlow.js:1420:25)

    console.log
      [AI-FALLBACK] waiting_preference: No keyword 
match for user_V4_UsuarioconDudas_77

      at log (src/flows/salesFlow.js:863:25)

    console.log
      Analyzing address data with AI...

      at log (src/flows/salesFlow.js:1486:21)

    console.log
      [ADDRESS] valid data extracted, attempts reset.

      at log (src/flows/salesFlow.js:1547:29)

    console.log
      Ô£à [PEDIDO CARGADO - PENDIENTE APROBACI├ôN] 
user_V4_UsuarioconDudas_77 ÔÇö Total: $66.900

      at log (src/flows/salesFlow.js:1869:29)

    console.log
      [GLOBAL] User 
user_V4_CambiodeProductoalaMitad_78 requested change.

      at log (src/flows/salesFlow.js:358:17)

    console.log
      Analyzing address data with AI...

      at log (src/flows/salesFlow.js:1486:21)

    console.log
      [ADDRESS] valid data extracted, attempts reset.

      at log (src/flows/salesFlow.js:1547:29)

    console.log
      Ô£à [PEDIDO CARGADO - PENDIENTE APROBACI├ôN] 
user_V4_CambiodeProductoalaMitad_78 ÔÇö Total: 
$66.900

      at log (src/flows/salesFlow.js:1869:29)

    console.log
      [LOGIC] User user_V4_NegativaAmable_79 
refused/failed weight question. Skipping to 
preference.

      at log (src/flows/salesFlow.js:688:29)

    console.log
      [AI-FALLBACK] waiting_preference: No keyword 
match for user_V4_NegativaAmable_79

      at log (src/flows/salesFlow.js:863:25)

    console.log
      Analyzing address data with AI...

      at log (src/flows/salesFlow.js:1486:21)

    console.log
      [ADDRESS] valid data extracted, attempts reset.

      at log (src/flows/salesFlow.js:1547:29)

    console.log
      Ô£à [PEDIDO CARGADO - PENDIENTE APROBACI├ôN] 
user_V4_Ideal_80 ÔÇö Total: $66.900

      at log (src/flows/salesFlow.js:1869:29)

    console.log
      [AI-FALLBACK] waiting_data: Detected 
question/objection from 
user_V4_CompradorPostdatado_81: "dale yo te aviso"

      at log (src/flows/salesFlow.js:1420:25)

    console.log
      [AI-FALLBACK] waiting_preference: No keyword 
match for user_V4_UsuarioconDudas_82

      at log (src/flows/salesFlow.js:863:25)

    console.log
      Analyzing address data with AI...

      at log (src/flows/salesFlow.js:1486:21)

    console.log
      [ADDRESS] valid data extracted, attempts reset.

      at log (src/flows/salesFlow.js:1547:29)

    console.log
      Ô£à [PEDIDO CARGADO - PENDIENTE APROBACI├ôN] 
user_V4_UsuarioconDudas_82 ÔÇö Total: $66.900

      at log (src/flows/salesFlow.js:1869:29)

    console.log
      [GLOBAL] User 
user_V4_CambiodeProductoalaMitad_83 requested change.

      at log (src/flows/salesFlow.js:358:17)

    console.log
      Analyzing address data with AI...

      at log (src/flows/salesFlow.js:1486:21)

    console.log
      [ADDRESS] valid data extracted, attempts reset.

      at log (src/flows/salesFlow.js:1547:29)

    console.log
      Ô£à [PEDIDO CARGADO - PENDIENTE APROBACI├ôN] 
user_V4_CambiodeProductoalaMitad_83 ÔÇö Total: 
$66.900

      at log (src/flows/salesFlow.js:1869:29)

    console.log
      [LOGIC] User user_V4_NegativaAmable_84 
refused/failed weight question. Skipping to 
preference.

      at log (src/flows/salesFlow.js:688:29)

    console.log
      [AI-FALLBACK] waiting_preference: No keyword 
match for user_V4_NegativaAmable_84

      at log (src/flows/salesFlow.js:863:25)

    console.log
      Analyzing address data with AI...

      at log (src/flows/salesFlow.js:1486:21)

    console.log
      [ADDRESS] valid data extracted, attempts reset.

      at log (src/flows/salesFlow.js:1547:29)

    console.log
      Ô£à [PEDIDO CARGADO - PENDIENTE APROBACI├ôN] 
user_V4_Ideal_85 ÔÇö Total: $66.900

      at log (src/flows/salesFlow.js:1869:29)

    console.log
      [AI-FALLBACK] waiting_data: Detected 
question/objection from 
user_V4_CompradorPostdatado_86: "dale yo te aviso"

      at log (src/flows/salesFlow.js:1420:25)

    console.log
      [AI-FALLBACK] waiting_preference: No keyword 
match for user_V4_UsuarioconDudas_87

      at log (src/flows/salesFlow.js:863:25)

    console.log
      Analyzing address data with AI...

      at log (src/flows/salesFlow.js:1486:21)

    console.log
      [ADDRESS] valid data extracted, attempts reset.

      at log (src/flows/salesFlow.js:1547:29)

    console.log
      Ô£à [PEDIDO CARGADO - PENDIENTE APROBACI├ôN] 
user_V4_UsuarioconDudas_87 ÔÇö Total: $66.900

      at log (src/flows/salesFlow.js:1869:29)

    console.log
      [GLOBAL] User 
user_V4_CambiodeProductoalaMitad_88 requested change.

      at log (src/flows/salesFlow.js:358:17)

    console.log
      Analyzing address data with AI...

      at log (src/flows/salesFlow.js:1486:21)

    console.log
      [ADDRESS] valid data extracted, attempts reset.

      at log (src/flows/salesFlow.js:1547:29)

    console.log
      Ô£à [PEDIDO CARGADO - PENDIENTE APROBACI├ôN] 
user_V4_CambiodeProductoalaMitad_88 ÔÇö Total: 
$66.900

      at log (src/flows/salesFlow.js:1869:29)

    console.log
      [LOGIC] User user_V4_NegativaAmable_89 
refused/failed weight question. Skipping to 
preference.

      at log (src/flows/salesFlow.js:688:29)

    console.log
      [AI-FALLBACK] waiting_preference: No keyword 
match for user_V4_NegativaAmable_89

      at log (src/flows/salesFlow.js:863:25)

    console.log
      Analyzing address data with AI...

      at log (src/flows/salesFlow.js:1486:21)

    console.log
      [ADDRESS] valid data extracted, attempts reset.

      at log (src/flows/salesFlow.js:1547:29)

    console.log
      Ô£à [PEDIDO CARGADO - PENDIENTE APROBACI├ôN] 
user_V4_Ideal_90 ÔÇö Total: $66.900

      at log (src/flows/salesFlow.js:1869:29)

    console.log
      [AI-FALLBACK] waiting_data: Detected 
question/objection from 
user_V4_CompradorPostdatado_91: "dale yo te aviso"

      at log (src/flows/salesFlow.js:1420:25)

    console.log
      [AI-FALLBACK] waiting_preference: No keyword 
match for user_V4_UsuarioconDudas_92

      at log (src/flows/salesFlow.js:863:25)

    console.log
      Analyzing address data with AI...

      at log (src/flows/salesFlow.js:1486:21)

    console.log
      [ADDRESS] valid data extracted, attempts reset.

      at log (src/flows/salesFlow.js:1547:29)

    console.log
      Ô£à [PEDIDO CARGADO - PENDIENTE APROBACI├ôN] 
user_V4_UsuarioconDudas_92 ÔÇö Total: $66.900

      at log (src/flows/salesFlow.js:1869:29)

    console.log
      [GLOBAL] User 
user_V4_CambiodeProductoalaMitad_93 requested change.

      at log (src/flows/salesFlow.js:358:17)

    console.log
      Analyzing address data with AI...

      at log (src/flows/salesFlow.js:1486:21)

    console.log
      [ADDRESS] valid data extracted, attempts reset.

      at log (src/flows/salesFlow.js:1547:29)

    console.log
      Ô£à [PEDIDO CARGADO - PENDIENTE APROBACI├ôN] 
user_V4_CambiodeProductoalaMitad_93 ÔÇö Total: 
$66.900

      at log (src/flows/salesFlow.js:1869:29)

    console.log
      [LOGIC] User user_V4_NegativaAmable_94 
refused/failed weight question. Skipping to 
preference.

      at log (src/flows/salesFlow.js:688:29)

    console.log
      [AI-FALLBACK] waiting_preference: No keyword 
match for user_V4_NegativaAmable_94

      at log (src/flows/salesFlow.js:863:25)

    console.log
      Analyzing address data with AI...

      at log (src/flows/salesFlow.js:1486:21)

    console.log
      [ADDRESS] valid data extracted, attempts reset.

      at log (src/flows/salesFlow.js:1547:29)

    console.log
      Ô£à [PEDIDO CARGADO - PENDIENTE APROBACI├ôN] 
user_V4_Ideal_95 ÔÇö Total: $66.900

      at log (src/flows/salesFlow.js:1869:29)

    console.log
      [AI-FALLBACK] waiting_data: Detected 
question/objection from 
user_V4_CompradorPostdatado_96: "dale yo te aviso"

      at log (src/flows/salesFlow.js:1420:25)

    console.log
      [AI-FALLBACK] waiting_preference: No keyword 
match for user_V4_UsuarioconDudas_97

      at log (src/flows/salesFlow.js:863:25)

    console.log
      Analyzing address data with AI...

      at log (src/flows/salesFlow.js:1486:21)

    console.log
      [ADDRESS] valid data extracted, attempts reset.

      at log (src/flows/salesFlow.js:1547:29)

    console.log
      Ô£à [PEDIDO CARGADO - PENDIENTE APROBACI├ôN] 
user_V4_UsuarioconDudas_97 ÔÇö Total: $66.900

      at log (src/flows/salesFlow.js:1869:29)

    console.log
      [GLOBAL] User 
user_V4_CambiodeProductoalaMitad_98 requested change.

      at log (src/flows/salesFlow.js:358:17)

    console.log
      Analyzing address data with AI...

      at log (src/flows/salesFlow.js:1486:21)

    console.log
      [ADDRESS] valid data extracted, attempts reset.

      at log (src/flows/salesFlow.js:1547:29)

    console.log
      Ô£à [PEDIDO CARGADO - PENDIENTE APROBACI├ôN] 
user_V4_CambiodeProductoalaMitad_98 ÔÇö Total: 
$66.900

      at log (src/flows/salesFlow.js:1869:29)

    console.log
      [LOGIC] User user_V4_NegativaAmable_99 
refused/failed weight question. Skipping to 
preference.

      at log (src/flows/salesFlow.js:688:29)

    console.log
      [AI-FALLBACK] waiting_preference: No keyword 
match for user_V4_NegativaAmable_99

      at log (src/flows/salesFlow.js:863:25)

FAIL src/api/__tests__/routes.test.js (9.197 s)
  ÔùÅ Console

    console.log
      [dotenv@17.3.1] injecting env (14) from .env 
-- tip: ÔÜí´©Å secrets for agents: 
https://dotenvx.com/as2

      at _log 
(node_modules/dotenv/lib/main.js:139:11)

    console.log
      ƒôí [AI] Initializing OpenAI (model: 
gpt-4o-mini)

      at new log (src/services/ai.js:280:17)

    console.log
      [dotenv@17.3.1] injecting env (0) from .env -- 
tip: ƒñû agentic secret storage: 
https://dotenvx.com/as2

      at _log 
(node_modules/dotenv/lib/main.js:139:11)

    console.log
      [dotenv@17.3.1] injecting env (0) from .env -- 
tip: ƒøí´©Å auth for agents: https://vestauth.com

      at _log 
(node_modules/dotenv/lib/main.js:139:11)

    console.log
      =========================================

      at Object.log (index.js:31:9)

    console.log
      [BOOT] DATA_DIR is set to: ./data

      at Object.log (index.js:32:9)

    console.log
      [BOOT] Ensuring DATA_DIR exists...

      at Object.log (index.js:33:9)

    console.log
      [BOOT] Checking existing files in DATA_DIR:

      at Object.log (index.js:39:9)

    console.log
      .wwebjs_auth, gallery.json, knowledge_v3.json, 
logs, orders.json, persistence.json, prices.json

      at Object.log (index.js:42:13)

    console.log
      =========================================

      at Object.log (index.js:46:9)

    console.log
      ­ƒöä Loading state from PostgreSQL...

      at log (index.js:148:17)

    console.log
      Ô£à Knowledge loaded for v3 from 
knowledge_v3.json

      at log (index.js:85:25)
          at Array.forEach (<anonymous>)

    console.log
      Ô£à Knowledge loaded for v4 from 
knowledge_v4.json

      at log (index.js:85:25)
          at Array.forEach (<anonymous>)

    console.log
      [BOOT] Session directory exists at 
data\.wwebjs_auth. Skipping full manual cleanup.

      at log (index.js:216:13)

    console.log
      Ô£à Serving static files from: D:\Bot 
Whatsapp\client\dist

      at log (src/api/server.js:58:17)

    console.log
      ├ó┼ôÔÇª OPENAI_API_KEY initialized.

      at Object.log (index.js:510:13)

    console.log
      ├░┼©ÔÇØÔÇÖ Security: API_KEY configured.

      at Object.log (index.js:516:13)

    console.log
      [INIT] Starting WhatsApp client (attempt 1/3) 
using bundled Chromium...

      at log (index.js:827:17)

    console.error
      [INIT] ÔØî Initialize failed (attempt 1): The 
browser is already running for D:\Bot 
Whatsapp\data\.wwebjs_auth\session-session. Use a 
different `userDataDir` or stop the running browser 
first.

    [0m [90m 828 |[39m         [36mawait[39m 
client[33m.[39minitialize()[33m;[39m
     [90m 829 |[39m     } [36mcatch[39m (err) {
    [31m[1m>[22m[39m[90m 830 |[39m         
console[33m.[39merror([32m`[INIT] ÔØî Initialize 
failed (attempt ${attempt}): 
${err.message}`[39m)[33m;[39m
     [90m     |[39m                 
[31m[1m^[22m[39m
     [90m 831 |[39m
     [90m 832 |[39m         [36mif[39m (attempt 
[33m<[39m [33mMAX_INIT_RETRIES[39m) {
     [90m 833 |[39m             [36mconst[39m 
authDir [33m=[39m 
path[33m.[39mjoin([33mDATA_DIR[39m[33m,[39m 
[32m'.wwebjs_auth'[39m)[33m;[39m[0m

      at error (index.js:830:17)
      at Generator.call (index.js:2:1)
      at Generator._invoke [as throw] (index.js:2:1)
      at asyncGeneratorStep (index.js:2:1)
      at asyncGeneratorStep (index.js:2:1)

    console.log
      [INIT] Retrying in 5s...

      at log (index.js:850:21)

  ÔùÅ Chat Routes ÔÇ║ GET /api/chats returns chat 
list

    listen EADDRINUSE: address already in use :::3000

    [0m [90m 116 |[39m
     [90m 117 |[39m     [36mconst[39m 
[33mPORT[39m [33m=[39m 
process[33m.[39menv[33m.[39m[33mPORT[39m 
[33m||[39m [35m3000[39m[33m;[39m
    [31m[1m>[22m[39m[90m 118 |[39m     
server[33m.[39mlisten([33mPORT[39m[33m,[39m () 
[33m=>[39m {
     [90m     |[39m            [31m[1m^[22m[39m
     [90m 119 |[39m         
console[33m.[39mlog([32m`Ô£à Server running on 
http://localhost:${PORT}`[39m)[33m;[39m
     [90m 120 |[39m     })[33m;[39m
     [90m 121 |[39m[0m

      at listen (src/api/server.js:118:12)
      at Object.startServer (index.js:324:1)
      at require 
(src/api/routes/chat.routes.js:74:36)
      at Generator.call 
(src/api/routes/chat.routes.js:2:1)
      at Generator._invoke [as next] 
(src/api/routes/chat.routes.js:2:1)
      at asyncGeneratorStep 
(src/api/routes/chat.routes.js:2:1)
      at asyncGeneratorStep 
(src/api/routes/chat.routes.js:2:1)


  ÔùÅ  Cannot log after tests are done. Did you 
forget to wait for something async in your test?
    Attempted to log "Ô£à State loaded from DB (14 
users, config sync)".

    [0m [90m 185 |[39m         [36mif[39m 
([33m![39mconfig[33m.[39malertNumbers) 
config[33m.[39malertNumbers [33m=[39m 
[][33m;[39m
     [90m 186 |[39m
    [31m[1m>[22m[39m[90m 187 |[39m         
console[33m.[39mlog([32m`Ô£à State loaded from DB 
(${dbUsers.length} users, config 
sync)`[39m)[33m;[39m
     [90m     |[39m                 
[31m[1m^[22m[39m
     [90m 188 |[39m     } [36mcatch[39m (e) {
     [90m 189 |[39m         
console[33m.[39merror([32m'ƒö┤ Error loading 
state:'[39m[33m,[39m 
e[33m.[39mmessage)[33m;[39m
     [90m 190 |[39m     }[0m

      at console.log 
(node_modules/@jest/console/build/index.js:147:10)
      at log (index.js:187:17)
      at Generator.call (index.js:2:1)
      at Generator._invoke [as next] (index.js:2:1)
      at asyncGeneratorStep (index.js:2:1)
      at asyncGeneratorStep (index.js:2:1)


  ÔùÅ  Cannot log after tests are done. Did you 
forget to wait for something async in your test?
    Attempted to log "[INIT] Starting WhatsApp 
client (attempt 2/3) using bundled Chromium...".

    [0m [90m 825 |[39m     [36mtry[39m {
     [90m 826 |[39m         [36mconst[39m 
chromePath [33m=[39m process[33m.[39menv[33m.[3
9m[33mPUPPETEER_EXECUTABLE_PATH[39m [33m||[39m 
[32m'bundled Chromium'[39m[33m;[39m
    [31m[1m>[22m[39m[90m 827 |[39m         
console[33m.[39mlog([32m`[INIT] Starting WhatsApp 
client (attempt ${attempt}/${MAX_INIT_RETRIES}) 
using ${chromePath}...`[39m)[33m;[39m
     [90m     |[39m                 
[31m[1m^[22m[39m
     [90m 828 |[39m         [36mawait[39m 
client[33m.[39minitialize()[33m;[39m
     [90m 829 |[39m     } [36mcatch[39m (err) {
     [90m 830 |[39m         
console[33m.[39merror([32m`[INIT] ÔØî Initialize 
failed (attempt ${attempt}): 
${err.message}`[39m)[33m;[39m[0m

      at console.log 
(node_modules/@jest/console/build/index.js:147:10)
      at log (index.js:827:17)
      at Generator.call (index.js:2:1)
      at Generator._invoke [as next] (index.js:2:1)
      at asyncGeneratorStep (index.js:2:1)
      at asyncGeneratorStep (index.js:2:1)
      at _next (index.js:2:1)
      at index.js:2:1
      at apply (index.js:824:30)
      at safeInitialize (index.js:852:20)
      at Generator.call (index.js:2:1)
      at Generator._invoke [as next] (index.js:2:1)
      at asyncGeneratorStep (index.js:2:1)
      at asyncGeneratorStep (index.js:2:1)


  ÔùÅ  Cannot log after tests are done. Did you 
forget to wait for something async in your test?
    Attempted to log "[INIT] ÔØî Initialize failed 
(attempt 2): The browser is already running for 
D:\Bot Whatsapp\data\.wwebjs_auth\session-session. 
Use a different `userDataDir` or stop the running 
browser first.".

    [0m [90m 828 |[39m         [36mawait[39m 
client[33m.[39minitialize()[33m;[39m
     [90m 829 |[39m     } [36mcatch[39m (err) {
    [31m[1m>[22m[39m[90m 830 |[39m         
console[33m.[39merror([32m`[INIT] ÔØî Initialize 
failed (attempt ${attempt}): 
${err.message}`[39m)[33m;[39m
     [90m     |[39m                 
[31m[1m^[22m[39m
     [90m 831 |[39m
     [90m 832 |[39m         [36mif[39m (attempt 
[33m<[39m [33mMAX_INIT_RETRIES[39m) {
     [90m 833 |[39m             [36mconst[39m 
authDir [33m=[39m 
path[33m.[39mjoin([33mDATA_DIR[39m[33m,[39m 
[32m'.wwebjs_auth'[39m)[33m;[39m[0m

      at console.error 
(node_modules/@jest/console/build/index.js:124:10)
      at error (index.js:830:17)
      at Generator.call (index.js:2:1)
      at Generator._invoke [as throw] (index.js:2:1)
      at asyncGeneratorStep (index.js:2:1)
      at asyncGeneratorStep (index.js:2:1)


  ÔùÅ  Cannot log after tests are done. Did you 
forget to wait for something async in your test?
    Attempted to log "[INIT] FULL session wipe at 
data\.wwebjs_auth (last resort ÔÇö will need new 
QR)...".

    [0m [90m 838 |[39m             [36mif[39m 
(attempt [33m===[39m [33mMAX_INIT_RETRIES[39m 
[33m-[39m [35m1[39m) {
     [90m 839 |[39m                 [90m// Last 
retry: full wipe as last resort[39m
    [31m[1m>[22m[39m[90m 840 |[39m             
    console[33m.[39mlog([32m`[INIT] FULL session 
wipe at ${authDir} (last resort ÔÇö will need new 
QR)...`[39m)[33m;[39m
     [90m     |[39m                         
[31m[1m^[22m[39m
     [90m 841 |[39m                 [36mtry[39m {
     [90m 842 |[39m                     
fs[33m.[39mrmSync(authDir[33m,[39m { 
recursive[33m:[39m [36mtrue[39m[33m,[39m 
force[33m:[39m [36mtrue[39m })[33m;[39m
     [90m 843 |[39m                     
console[33m.[39mlog([32m'[INIT] Session wiped. 
Will need new QR scan.'[39m)[33m;[39m[0m

      at console.log 
(node_modules/@jest/console/build/index.js:147:10)
      at log (index.js:840:25)
      at Generator.call (index.js:2:1)
      at Generator._invoke [as throw] (index.js:2:1)
      at asyncGeneratorStep (index.js:2:1)
      at asyncGeneratorStep (index.js:2:1)


  ÔùÅ  Cannot log after tests are done. Did you 
forget to wait for something async in your test?
    Attempted to log "[INIT] Failed to clean 
session: EPERM, Permission denied: \\?\D:\Bot 
Whatsapp\data\.wwebjs_auth '\\?\D:\Bot 
Whatsapp\data\.wwebjs_auth'".

    [0m [90m 843 |[39m                     
console[33m.[39mlog([32m'[INIT] Session wiped. 
Will need new QR scan.'[39m)[33m;[39m
     [90m 844 |[39m                 } 
[36mcatch[39m (cleanErr) {
    [31m[1m>[22m[39m[90m 845 |[39m             
        console[33m.[39merror([32m'[INIT] Failed 
to clean session:'[39m[33m,[39m 
cleanErr[33m.[39mmessage)[33m;[39m
     [90m     |[39m                             
[31m[1m^[22m[39m
     [90m 846 |[39m                 }
     [90m 847 |[39m             }
     [90m 848 |[39m[0m

      at console.error 
(node_modules/@jest/console/build/index.js:124:10)
      at error (index.js:845:29)
      at Generator.call (index.js:2:1)
      at Generator._invoke [as throw] (index.js:2:1)
      at asyncGeneratorStep (index.js:2:1)
      at asyncGeneratorStep (index.js:2:1)


  ÔùÅ  Cannot log after tests are done. Did you 
forget to wait for something async in your test?
    Attempted to log "[INIT] Retrying in 10s...".

    [0m [90m 848 |[39m
     [90m 849 |[39m             [36mconst[39m 
delay [33m=[39m [35m5000[39m [33m*[39m 
attempt[33m;[39m
    [31m[1m>[22m[39m[90m 850 |[39m             
console[33m.[39mlog([32m`[INIT] Retrying in 
${delay / 1000}s...`[39m)[33m;[39m
     [90m     |[39m                     
[31m[1m^[22m[39m
     [90m 851 |[39m             [36mawait[39m 
[36mnew[39m [33mPromise[39m(r [33m=>[39m 
setTimeout(r[33m,[39m delay))[33m;[39m
     [90m 852 |[39m             [36mreturn[39m 
safeInitialize(attempt [33m+[39m 
[35m1[39m)[33m;[39m
     [90m 853 |[39m         } [36melse[39m {[0m

      at console.log 
(node_modules/@jest/console/build/index.js:147:10)
      at log (index.js:850:21)
      at Generator.call (index.js:2:1)
      at Generator._invoke [as throw] (index.js:2:1)
      at asyncGeneratorStep (index.js:2:1)
      at asyncGeneratorStep (index.js:2:1)

PASS tests/address.test.js (14.863 s)
  ÔùÅ Console

    console.log
      [dotenv@17.3.1] injecting env (14) from .env 
-- tip: ÔÜÖ´©Å  write to custom object with { 
processEnv: myObject }

      at _log 
(node_modules/dotenv/lib/main.js:139:11)

    console.log
      [dotenv@17.3.1] injecting env (0) from .env -- 
tip: ÔÜÖ´©Å  write to custom object with { 
processEnv: myObject }

      at _log 
(node_modules/dotenv/lib/main.js:139:11)

    console.log
      ƒôí [AI] Initializing OpenAI (model: 
gpt-4o-mini)

      at new log (src/services/ai.js:280:17)

    console.log
      Extracted data 2: {
        nombre: 'lucia',
        calle: 'mendoza 123',
        ciudad: 'bs as',
        provincia: 'Buenos Aires',
        cp: null,
        postdatado: null,
        response: ''
      }

      at log (tests/address.test.js:62:17)

A worker process has failed to exit gracefully and 
has been force exited. This is likely caused by 
tests leaking due to improper teardown. Try running 
with --detectOpenHandles to find leaks. Active 
timers can also cause this, ensure that .unref() was 
called on them.

Test Suites: 4 failed, 5 passed, 9 total
Tests:       4 failed, 2 skipped, 34 passed, 40 total
Snapshots:   0 total
Time:        17.49 s
Ran all test suites.
