  console.log
    [AI] Analyzing weight goal for user1...

      at log (src/flows/salesFlow.js:70:21)

node.exe : FAIL tests/salesFlow.test.js
En línea: 1 Carácter: 1
+ & "C:\Program Files\nodejs/node.exe" "C:\Program Files\nodejs/node_mo ...
+ ~~~~~~~~~~~~~~~~~~~~~~~~~~~~~~~~~~~~~~~~~~~~~~~~~~~~~~~~~~~~~~~~~~~~~
    + CategoryInfo          : NotSpecified: (FAIL tests/salesFlow.test.js:String) [], RemoteException
    + FullyQualifiedErrorId : NativeCommandError
 
  Sales Flow Logic
    ÔêÜ Should greet new user (5 ms)
    ├ù Should handle preference selection (Normalization) (1 ms)
    ├ù Should NOT match partial words (False Positive Check) (1 ms)
    ├ù Should match exact "Te" for Semillas
    ├ù Should use AI for weight question (28 ms)

  ÔùÅ Sales Flow Logic ÔÇ║ Should handle preference selection (Normalization)

    ReferenceError: normalizedText is not defined

    [0m [90m  99 |[39m
     [90m 100 |[39m             [90m// Use normalizedText for keyword matching to catch "c├ípsulas" -> "capsulas"[39m
    [31m[1m>[22m[39m[90m 101 |[39m             [36mif[39m (isMatch(knowledge[33m.[39mflow[33m.[39mpreference_capsulas[33m.[39mmatch[33m,[39m normalizedText)) {
     [90m     |[39m                                                                   [31m[1m^[22m[39m
     [90m 102 |[39m                 currentState[33m.[39mselectedProduct [33m=[39m [32m"C├ípsulas de nuez de la india"[39m[33m;[39m
     [90m 103 |[39m                 [36mconst[39m msg [33m=[39m knowledge[33m.[39mflow[33m.[39mpreference_capsulas[33m.[39mresponse[33m;[39m
     [90m 104 |[39m                 [36mawait[39m sendMessageWithDelay(userId[33m,[39m msg)[33m;[39m[0m

      at normalizedText (src/flows/salesFlow.js:101:67)
      at Generator.call (src/flows/salesFlow.js:2:1)
      at Generator._invoke [as next] (src/flows/salesFlow.js:2:1)
      at asyncGeneratorStep (src/flows/salesFlow.js:2:1)
      at asyncGeneratorStep (src/flows/salesFlow.js:2:1)

  ÔùÅ Sales Flow Logic ÔÇ║ Should NOT match partial words (False Positive Check)

    ReferenceError: normalizedText is not defined

    [0m [90m  99 |[39m
     [90m 100 |[39m             [90m// Use normalizedText for keyword matching to catch "c├ípsulas" -> "capsulas"[39m
    [31m[1m>[22m[39m[90m 101 |[39m             [36mif[39m (isMatch(knowledge[33m.[39mflow[33m.[39mpreference_capsulas[33m.[39mmatch[33m,[39m normalizedText)) {
     [90m     |[39m                                                                   [31m[1m^[22m[39m
     [90m 102 |[39m                 currentState[33m.[39mselectedProduct [33m=[39m [32m"C├ípsulas de nuez de la india"[39m[33m;[39m
     [90m 103 |[39m                 [36mconst[39m msg [33m=[39m knowledge[33m.[39mflow[33m.[39mpreference_capsulas[33m.[39mresponse[33m;[39m
     [90m 104 |[39m                 [36mawait[39m sendMessageWithDelay(userId[33m,[39m msg)[33m;[39m[0m

      at normalizedText (src/flows/salesFlow.js:101:67)
      at Generator.call (src/flows/salesFlow.js:2:1)
      at Generator._invoke [as next] (src/flows/salesFlow.js:2:1)
      at asyncGeneratorStep (src/flows/salesFlow.js:2:1)
      at asyncGeneratorStep (src/flows/salesFlow.js:2:1)

  ÔùÅ Sales Flow Logic ÔÇ║ Should match exact "Te" for Semillas

    ReferenceError: normalizedText is not defined

    [0m [90m  99 |[39m
     [90m 100 |[39m             [90m// Use normalizedText for keyword matching to catch "c├ípsulas" -> "capsulas"[39m
    [31m[1m>[22m[39m[90m 101 |[39m             [36mif[39m (isMatch(knowledge[33m.[39mflow[33m.[39mpreference_capsulas[33m.[39mmatch[33m,[39m normalizedText)) {
     [90m     |[39m                                                                   [31m[1m^[22m[39m
     [90m 102 |[39m                 currentState[33m.[39mselectedProduct [33m=[39m [32m"C├ípsulas de nuez de la india"[39m[33m;[39m
     [90m 103 |[39m                 [36mconst[39m msg [33m=[39m knowledge[33m.[39mflow[33m.[39mpreference_capsulas[33m.[39mresponse[33m;[39m
     [90m 104 |[39m                 [36mawait[39m sendMessageWithDelay(userId[33m,[39m msg)[33m;[39m[0m

      at normalizedText (src/flows/salesFlow.js:101:67)
      at Generator.call (src/flows/salesFlow.js:2:1)
      at Generator._invoke [as next] (src/flows/salesFlow.js:2:1)
      at asyncGeneratorStep (src/flows/salesFlow.js:2:1)
      at asyncGeneratorStep (src/flows/salesFlow.js:2:1)

  ÔùÅ Sales Flow Logic ÔÇ║ Should use AI for weight question

    expect(jest.fn()).toHaveBeenCalledWith(...expected)

    Expected: "user1", "Te recomiendo esto"
    Received: "user1", "No vendemos leche"

    Number of calls: 1

    [0m [90m 108 |[39m
     [90m 109 |[39m         expect(aiService[33m.[39mchat)[33m.[39mtoHaveBeenCalled()[33m;[39m
    [31m[1m>[22m[39m[90m 110 |[39m         expect(mockSendMessage)[33m.[39mtoHaveBeenCalledWith([32m'user1'[39m[33m,[39m [32m"Te recomiendo esto"[39m)[33m;[39m [90m// Because goalMet=true triggers 
next step[39m
     [90m     |[39m                                 [31m[1m^[22m[39m
     [90m 111 |[39m     })[33m;[39m
     [90m 112 |[39m })[33m;[39m
     [90m 113 |[39m[0m

      at toHaveBeenCalledWith (tests/salesFlow.test.js:110:33)
      at Generator.call (tests/salesFlow.test.js:2:1)
      at Generator._invoke [as next] (tests/salesFlow.test.js:2:1)
      at asyncGeneratorStep (tests/salesFlow.test.js:2:1)
      at asyncGeneratorStep (tests/salesFlow.test.js:2:1)

Test Suites: 1 failed, 1 total
Tests:       4 failed, 1 passed, 5 total
Snapshots:   0 total
Time:        1.302 s, estimated 2 s
Ran all test suites matching tests/salesFlow.test.js.
